Archive member included because of file (symbol)

d:/codesourcery/sourcery_codebench_lite_for_arm_eabi/bin/../lib/gcc/arm-none-eabi/4.6.3/thumb2\libgcc.a(_arm_addsubdf3.o)
                              build\components\libc\minilibc\math.o (__aeabi_dsub)
d:/codesourcery/sourcery_codebench_lite_for_arm_eabi/bin/../lib/gcc/arm-none-eabi/4.6.3/thumb2\libgcc.a(_arm_muldivdf3.o)
                              build\components\libc\minilibc\math.o (__aeabi_dmul)
d:/codesourcery/sourcery_codebench_lite_for_arm_eabi/bin/../lib/gcc/arm-none-eabi/4.6.3/thumb2\libgcc.a(_arm_fixdfsi.o)
                              build\components\libc\minilibc\math.o (__aeabi_d2iz)

Allocating common symbols
Common symbol       size              file

rt_interrupt_to_thread
                    0x4               build\libcpu\arm\cortex-m4\cpuport.o
HSEStartUpStatus    0x1               build\drivers\usb_bsp.o
rt_interrupt_from_thread
                    0x4               build\libcpu\arm\cortex-m4\cpuport.o
global_sysvar_list  0x4               build\components\finsh\finsh_var.o
USBH_MSC_CSWData    0x10              build\STM32F4xx_Libraries\STM32_USB_HOST_Library\Class\Msc\src\usbh_msc_bot.o
finsh_heap          0x80              build\components\finsh\finsh_heap.o
MSC_Machine         0x4a              build\STM32F4xx_Libraries\STM32_USB_HOST_Library\Class\Msc\src\usbh_msc_core.o
Image_Buf           0x64              build\drivers\usbh_usr.o
shell               0x4               build\components\finsh\shell.o
rt_thread_switch_interrupt_flag
                    0x4               build\libcpu\arm\cortex-m4\cpuport.o
text_segment        0x80              build\components\finsh\finsh_vm.o
USBH_CfgDesc        0x200             build\STM32F4xx_Libraries\STM32_USB_HOST_Library\Core\src\usbh_stdreq.o
finsh_compile_pc    0x4               build\components\finsh\finsh_compiler.o
fd_table            0x80              build\components\dfs\src\dfs.o
USBH_DataInBuffer   0x200             build\STM32F4xx_Libraries\STM32_USB_HOST_Library\Class\Msc\src\usbh_msc_scsi.o
finsh_vm_stack      0x100             build\components\finsh\finsh_vm.o
global_errno        0x1               build\components\finsh\finsh_error.o
uart2_device        0x40              build\drivers\usart.o
USBH_MSC_Param      0x10              build\STM32F4xx_Libraries\STM32_USB_HOST_Library\Class\Msc\src\usbh_msc_scsi.o
USBH_MSC_BOTXferParam
                    0x10              build\STM32F4xx_Libraries\STM32_USB_HOST_Library\Class\Msc\src\usbh_msc_bot.o
rt_thread_priority_table
                    0x100             build\src\scheduler.o
file                0x228             build\drivers\usbh_usr.o
rt_object_put_hook  0x4               build\src\object.o
rt_current_priority
                    0x1               build\src\scheduler.o
USB_OTG_Core        0x5ac             build\applications\application.o
USBH_DataOutBuffer  0x200             build\STM32F4xx_Libraries\STM32_USB_HOST_Library\Class\Msc\src\usbh_msc_scsi.o
uart2_int_rx        0x48              build\drivers\usart.o
filesystem_table    0x20              build\components\dfs\src\dfs.o
thread_led1         0x80              build\applications\application.o
thread_usbmsc       0x80              build\applications\application.o
rt_interrupt_nest   0x1               build\src\irq.o
rt_object_take_hook
                    0x4               build\src\object.o
rt_current_thread   0x4               build\src\scheduler.o
MSC_Setup           0x8               build\STM32F4xx_Libraries\STM32_USB_HOST_Library\Class\Msc\src\usbh_msc_core.o
rt_thread_ready_priority_group
                    0x4               build\src\scheduler.o
rt_thread_defunct   0x8               build\src\scheduler.o
global_node_table   0x140             build\components\finsh\finsh_node.o
finsh_compile_sp    0x4               build\components\finsh\finsh_compiler.o
USBH_MSC_CBWData    0x20              build\STM32F4xx_Libraries\STM32_USB_HOST_Library\Class\Msc\src\usbh_msc_bot.o
finsh_pc            0x4               build\components\finsh\finsh_vm.o
USB_Host            0x84              build\applications\application.o
filesystem_operation_table
                    0x10              build\components\dfs\src\dfs.o
rt_object_trytake_hook
                    0x4               build\src\object.o
finsh_sp            0x4               build\components\finsh\finsh_vm.o
fatfs               0x234             build\drivers\usbh_usr.o
global_variable     0xc0              build\components\finsh\finsh_var.o

Discarded input sections

 .text          0x00000000        0x0 d:/codesourcery/sourcery_codebench_lite_for_arm_eabi/bin/../lib/gcc/arm-none-eabi/4.6.3/thumb2/crti.o
 .data          0x00000000        0x0 d:/codesourcery/sourcery_codebench_lite_for_arm_eabi/bin/../lib/gcc/arm-none-eabi/4.6.3/thumb2/crti.o
 .bss           0x00000000        0x0 d:/codesourcery/sourcery_codebench_lite_for_arm_eabi/bin/../lib/gcc/arm-none-eabi/4.6.3/thumb2/crti.o
[...]
Memory Configuration

Name             Origin             Length             Attributes
CODE             0x08000000         0x00080000         xr
DATA             0x20000000         0x00010000         rw
*default*        0x00000000         0xffffffff

Linker script and memory map

LOAD d:/codesourcery/sourcery_codebench_lite_for_arm_eabi/bin/../lib/gcc/arm-none-eabi/4.6.3/thumb2/crti.o
LOAD d:/codesourcery/sourcery_codebench_lite_for_arm_eabi/bin/../lib/gcc/arm-none-eabi/4.6.3/thumb2/crtbegin.o
LOAD build\applications\application.o
LOAD build\applications\startup.o
LOAD build\drivers\board.o
LOAD build\drivers\serial.o
LOAD build\drivers\stm32f4xx_it.o
LOAD build\drivers\usart.o
LOAD build\drivers\usb_bsp.o
LOAD build\drivers\usbh_usr.o
LOAD build\STM32F4xx_Libraries\CMSIS\ST\STM32F4xx\Source\Templates\system_stm32f4xx.o
LOAD build\STM32F4xx_Libraries\STM32F4xx_StdPeriph_Driver\src\misc.o
LOAD build\STM32F4xx_Libraries\STM32F4xx_StdPeriph_Driver\src\stm32f4xx_adc.o
LOAD build\STM32F4xx_Libraries\STM32F4xx_StdPeriph_Driver\src\stm32f4xx_can.o
LOAD build\STM32F4xx_Libraries\STM32F4xx_StdPeriph_Driver\src\stm32f4xx_crc.o
LOAD build\STM32F4xx_Libraries\STM32F4xx_StdPeriph_Driver\src\stm32f4xx_cryp.o
LOAD build\STM32F4xx_Libraries\STM32F4xx_StdPeriph_Driver\src\stm32f4xx_cryp_aes.o
LOAD build\STM32F4xx_Libraries\STM32F4xx_StdPeriph_Driver\src\stm32f4xx_cryp_des.o
LOAD build\STM32F4xx_Libraries\STM32F4xx_StdPeriph_Driver\src\stm32f4xx_cryp_tdes.o
LOAD build\STM32F4xx_Libraries\STM32F4xx_StdPeriph_Driver\src\stm32f4xx_dac.o
LOAD build\STM32F4xx_Libraries\STM32F4xx_StdPeriph_Driver\src\stm32f4xx_dbgmcu.o
LOAD build\STM32F4xx_Libraries\STM32F4xx_StdPeriph_Driver\src\stm32f4xx_dcmi.o
LOAD build\STM32F4xx_Libraries\STM32F4xx_StdPeriph_Driver\src\stm32f4xx_dma.o
LOAD build\STM32F4xx_Libraries\STM32F4xx_StdPeriph_Driver\src\stm32f4xx_exti.o
LOAD build\STM32F4xx_Libraries\STM32F4xx_StdPeriph_Driver\src\stm32f4xx_flash.o
LOAD build\STM32F4xx_Libraries\STM32F4xx_StdPeriph_Driver\src\stm32f4xx_fsmc.o
LOAD build\STM32F4xx_Libraries\STM32F4xx_StdPeriph_Driver\src\stm32f4xx_gpio.o
LOAD build\STM32F4xx_Libraries\STM32F4xx_StdPeriph_Driver\src\stm32f4xx_hash.o
LOAD build\STM32F4xx_Libraries\STM32F4xx_StdPeriph_Driver\src\stm32f4xx_hash_md5.o
LOAD build\STM32F4xx_Libraries\STM32F4xx_StdPeriph_Driver\src\stm32f4xx_hash_sha1.o
LOAD build\STM32F4xx_Libraries\STM32F4xx_StdPeriph_Driver\src\stm32f4xx_i2c.o
LOAD build\STM32F4xx_Libraries\STM32F4xx_StdPeriph_Driver\src\stm32f4xx_iwdg.o
LOAD build\STM32F4xx_Libraries\STM32F4xx_StdPeriph_Driver\src\stm32f4xx_pwr.o
LOAD build\STM32F4xx_Libraries\STM32F4xx_StdPeriph_Driver\src\stm32f4xx_rcc.o
LOAD build\STM32F4xx_Libraries\STM32F4xx_StdPeriph_Driver\src\stm32f4xx_rng.o
LOAD build\STM32F4xx_Libraries\STM32F4xx_StdPeriph_Driver\src\stm32f4xx_rtc.o
LOAD build\STM32F4xx_Libraries\STM32F4xx_StdPeriph_Driver\src\stm32f4xx_sdio.o
LOAD build\STM32F4xx_Libraries\STM32F4xx_StdPeriph_Driver\src\stm32f4xx_spi.o
LOAD build\STM32F4xx_Libraries\STM32F4xx_StdPeriph_Driver\src\stm32f4xx_syscfg.o
LOAD build\STM32F4xx_Libraries\STM32F4xx_StdPeriph_Driver\src\stm32f4xx_tim.o
LOAD build\STM32F4xx_Libraries\STM32F4xx_StdPeriph_Driver\src\stm32f4xx_usart.o
LOAD build\STM32F4xx_Libraries\STM32F4xx_StdPeriph_Driver\src\stm32f4xx_wwdg.o
LOAD build\STM32F4xx_Libraries\STM32_USB_HOST_Library\Core\src\usbh_hcs.o
LOAD build\STM32F4xx_Libraries\STM32_USB_HOST_Library\Core\src\usbh_ioreq.o
LOAD build\STM32F4xx_Libraries\STM32_USB_HOST_Library\Core\src\usbh_core.o
LOAD build\STM32F4xx_Libraries\STM32_USB_HOST_Library\Core\src\usbh_stdreq.o
LOAD build\STM32F4xx_Libraries\STM32_USB_HOST_Library\Class\Msc\src\usbh_msc_bot.o
LOAD build\STM32F4xx_Libraries\STM32_USB_HOST_Library\Class\Msc\src\usbh_msc_core.o
LOAD build\STM32F4xx_Libraries\STM32_USB_HOST_Library\Class\Msc\src\usbh_msc_scsi.o
LOAD build\STM32F4xx_Libraries\STM32_USB_OTG_Driver\src\usb_core.o
LOAD build\STM32F4xx_Libraries\STM32_USB_OTG_Driver\src\usb_hcd.o
LOAD build\STM32F4xx_Libraries\STM32_USB_OTG_Driver\src\usb_hcd_int.o
LOAD build\STM32F4xx_Libraries\CMSIS\ST\STM32F4xx\Source\Templates\gcc_ride7\startup_stm32f4xx.o
LOAD build\src\clock.o
LOAD build\src\device.o
LOAD build\src\idle.o
LOAD build\src\ipc.o
LOAD build\src\irq.o
LOAD build\src\kservice.o
LOAD build\src\mem.o
LOAD build\src\mempool.o
LOAD build\src\object.o
LOAD build\src\scheduler.o
LOAD build\src\thread.o
LOAD build\src\timer.o
LOAD build\libcpu\arm\cortex-m4\cpuport.o
LOAD build\libcpu\arm\cortex-m4\context_gcc.o
LOAD build\libcpu\arm\common\backtrace.o
LOAD build\libcpu\arm\common\div0.o
LOAD build\libcpu\arm\common\showmem.o
LOAD build\components\dfs\src\dfs.o
LOAD build\components\dfs\src\dfs_fs.o
LOAD build\components\dfs\src\dfs_file.o
LOAD build\components\dfs\src\dfs_posix.o
LOAD build\components\dfs\filesystems\elmfat\dfs_elm.o
LOAD build\components\dfs\filesystems\elmfat\ff.o
LOAD build\components\dfs\filesystems\romfs\dfs_romfs.o
LOAD build\components\dfs\filesystems\romfs\romfs.o
LOAD build\components\finsh\cmd.o
LOAD build\components\finsh\finsh_compiler.o
LOAD build\components\finsh\finsh_error.o
LOAD build\components\finsh\finsh_heap.o
LOAD build\components\finsh\finsh_init.o
LOAD build\components\finsh\finsh_node.o
LOAD build\components\finsh\finsh_ops.o
LOAD build\components\finsh\finsh_parser.o
LOAD build\components\finsh\finsh_token.o
LOAD build\components\finsh\finsh_var.o
LOAD build\components\finsh\finsh_vm.o
LOAD build\components\finsh\shell.o
LOAD build\components\finsh\symbol.o
LOAD build\components\libc\minilibc\ctype.o
LOAD build\components\libc\minilibc\math.o
LOAD build\components\libc\minilibc\qsort.o
LOAD build\components\libc\minilibc\rand.o
LOAD build\components\libc\minilibc\stdlib.o
LOAD build\components\libc\minilibc\string.o
LOAD build\components\libc\minilibc\time.o
START GROUP
LOAD d:/codesourcery/sourcery_codebench_lite_for_arm_eabi/bin/../lib/gcc/arm-none-eabi/4.6.3/thumb2\libgcc.a
LOAD d:/codesourcery/sourcery_codebench_lite_for_arm_eabi/bin/../lib/gcc/arm-none-eabi/4.6.3/../../../../arm-none-eabi/lib/thumb2\libc.a
END GROUP
LOAD d:/codesourcery/sourcery_codebench_lite_for_arm_eabi/bin/../lib/gcc/arm-none-eabi/4.6.3/thumb2/crtend.o
LOAD d:/codesourcery/sourcery_codebench_lite_for_arm_eabi/bin/../lib/gcc/arm-none-eabi/4.6.3/thumb2/crtn.o
                0x00000100                _system_stack_size = 0x100

.text           0x08000000    0x1826c
                0x08000000                . = ALIGN (0x4)
 *(.isr_vector)
 .isr_vector    0x08000000      0x188 build\STM32F4xx_Libraries\CMSIS\ST\STM32F4xx\Source\Templates\gcc_ride7\startup_stm32f4xx.o
                0x08000000                g_pfnVectors
                0x08000188                . = ALIGN (0x4)
 *(.text)
 .text          0x08000188       0xd0 build\libcpu\arm\cortex-m4\context_gcc.o
                0x08000188                rt_hw_interrupt_disable
                0x08000190                rt_hw_interrupt_enable
                0x08000196                rt_hw_context_switch_interrupt
                0x08000196                rt_hw_context_switch
                0x080001b6                PendSV_Handler
                0x080001fa                rt_hw_context_switch_to
                0x08000224                rt_hw_interrupt_thread_switch
                0x08000228                HardFault_Handler
 *(.text.*)
 .text.rt_init_thread_entry
                0x08000258       0x14 build\applications\application.o
                0x08000258                rt_init_thread_entry
 .text.rt_thread_entry_led1
                0x0800026c       0x7c build\applications\application.o
 .text.rt_thread_entry_usbmsc
                0x080002e8       0x88 build\applications\application.o
 .text.rt_application_init
                0x08000370       0xdc build\applications\application.o
                0x08000370                rt_application_init
 .text.assert_failed
                0x0800044c       0x34 build\applications\startup.o
                0x0800044c                assert_failed
 .text.rtthread_startup
                0x08000480       0x58 build\applications\startup.o
                0x08000480                rtthread_startup
 .text.main     0x080004d8       0x14 build\applications\startup.o
                0x080004d8                main
 .text.NVIC_SetPriority
                0x080004ec       0x5c build\drivers\board.o
 .text.SysTick_Config
                0x08000548       0x64 build\drivers\board.o
 .text.NVIC_Configuration
                0x080005ac       0x1c build\drivers\board.o
                0x080005ac                NVIC_Configuration
 .text.SysTick_Configuration
                0x080005c8       0x44 build\drivers\board.o
                0x080005c8                SysTick_Configuration
 .text.SysTick_Handler
                0x0800060c       0x14 build\drivers\board.o
                0x0800060c                SysTick_Handler
 .text.rt_hw_board_init
                0x08000620       0x20 build\drivers\board.o
                0x08000620                rt_hw_board_init
 .text.rt_serial_init
                0x08000640       0xf8 build\drivers\serial.o
 .text.rt_serial_open
                0x08000738       0x1c build\drivers\serial.o
 .text.rt_serial_close
                0x08000754       0x18 build\drivers\serial.o
 .text.rt_serial_read
                0x0800076c       0xf4 build\drivers\serial.o
 .text.rt_serial_enable_dma
                0x08000860       0x68 build\drivers\serial.o
 .text.rt_serial_write
                0x080008c8      0x1b8 build\drivers\serial.o
 .text.rt_serial_control
                0x08000a80       0x9c build\drivers\serial.o
 .text.rt_hw_serial_register
                0x08000b1c      0x10c build\drivers\serial.o
                0x08000b1c                rt_hw_serial_register
 .text.rt_hw_serial_isr
                0x08000c28      0x164 build\drivers\serial.o
                0x08000c28                rt_hw_serial_isr
 .text.NMI_Handler
                0x08000d8c        0xc build\drivers\stm32f4xx_it.o
                0x08000d8c                NMI_Handler
 .text.MemManage_Handler
                0x08000d98        0x8 build\drivers\stm32f4xx_it.o
                0x08000d98                MemManage_Handler
 .text.BusFault_Handler
                0x08000da0        0x8 build\drivers\stm32f4xx_it.o
                0x08000da0                BusFault_Handler
 .text.UsageFault_Handler
                0x08000da8        0x8 build\drivers\stm32f4xx_it.o
                0x08000da8                UsageFault_Handler
 .text.SVC_Handler
                0x08000db0        0xc build\drivers\stm32f4xx_it.o
                0x08000db0                SVC_Handler
 .text.DebugMon_Handler
                0x08000dbc        0xc build\drivers\stm32f4xx_it.o
                0x08000dbc                DebugMon_Handler
 .text.USART1_IRQHandler
                0x08000dc8        0xc build\drivers\stm32f4xx_it.o
                0x08000dc8                USART1_IRQHandler
 .text.USART2_IRQHandler
                0x08000dd4       0x1c build\drivers\stm32f4xx_it.o
                0x08000dd4                USART2_IRQHandler
 .text.USART3_IRQHandler
                0x08000df0        0xc build\drivers\stm32f4xx_it.o
                0x08000df0                USART3_IRQHandler
 .text.RCC_Configuration
                0x08000dfc       0x20 build\drivers\usart.o
 .text.GPIO_Configuration
                0x08000e1c       0x64 build\drivers\usart.o
 .text.NVIC_Configuration
                0x08000e80       0x30 build\drivers\usart.o
 .text.DMA_Configuration
                0x08000eb0        0xc build\drivers\usart.o
 .text.rt_hw_usart_init
                0x08000ebc       0x88 build\drivers\usart.o
                0x08000ebc                rt_hw_usart_init
 .text.USB_OTG_BSP_TimeInit
                0x08000f44       0x50 build\drivers\usb_bsp.o
 .text.USB_OTG_BSP_Init
                0x08000f94       0xe4 build\drivers\usb_bsp.o
                0x08000f94                USB_OTG_BSP_Init
 .text.USB_OTG_BSP_EnableInterrupt
                0x08001078       0x34 build\drivers\usb_bsp.o
                0x08001078                USB_OTG_BSP_EnableInterrupt
 .text.USB_OTG_BSP_DriveVBUS
                0x080010ac       0x3c build\drivers\usb_bsp.o
                0x080010ac                USB_OTG_BSP_DriveVBUS
 .text.USB_OTG_BSP_ConfigVBUS
                0x080010e8       0x64 build\drivers\usb_bsp.o
                0x080010e8                USB_OTG_BSP_ConfigVBUS
 .text.USB_OTG_BSP_uDelay
                0x0800114c       0x1c build\drivers\usb_bsp.o
                0x0800114c                USB_OTG_BSP_uDelay
 .text.USB_OTG_BSP_mDelay
                0x08001168       0x1c build\drivers\usb_bsp.o
                0x08001168                USB_OTG_BSP_mDelay
 .text.USB_OTG_BSP_TimerIRQ
                0x08001184       0x58 build\drivers\usb_bsp.o
                0x08001184                USB_OTG_BSP_TimerIRQ
 .text.BSP_Delay
                0x080011dc       0x44 build\drivers\usb_bsp.o
 .text.BSP_SetTime
                0x08001220       0x9c build\drivers\usb_bsp.o
 .text.EXTI1_IRQHandler
                0x080012bc       0x34 build\drivers\usb_bsp.o
                0x080012bc                EXTI1_IRQHandler
 .text.TIM2_IRQHandler
                0x080012f0       0x14 build\drivers\usb_bsp.o
                0x080012f0                TIM2_IRQHandler
 .text.OTG_FS_IRQHandler
                0x08001304       0x1c build\drivers\usb_bsp.o
                0x08001304                OTG_FS_IRQHandler
 .text.USBH_USR_Init
                0x08001320       0x48 build\drivers\usbh_usr.o
                0x08001320                USBH_USR_Init
 .text.USBH_USR_DeviceAttached
                0x08001368       0x1c build\drivers\usbh_usr.o
                0x08001368                USBH_USR_DeviceAttached
 .text.USBH_USR_UnrecoveredError
                0x08001384       0x1c build\drivers\usbh_usr.o
                0x08001384                USBH_USR_UnrecoveredError
 .text.USBH_USR_DeviceDisconnected
                0x080013a0       0x1c build\drivers\usbh_usr.o
                0x080013a0                USBH_USR_DeviceDisconnected
 .text.USBH_USR_ResetDevice
                0x080013bc       0x1c build\drivers\usbh_usr.o
                0x080013bc                USBH_USR_ResetDevice
 .text.USBH_USR_DeviceSpeedDetected
                0x080013d8       0x7c build\drivers\usbh_usr.o
                0x080013d8                USBH_USR_DeviceSpeedDetected
 .text.USBH_USR_Device_DescAvailable
                0x08001454       0x38 build\drivers\usbh_usr.o
                0x08001454                USBH_USR_Device_DescAvailable
 .text.USBH_USR_DeviceAddressAssigned
                0x0800148c       0x1c build\drivers\usbh_usr.o
                0x0800148c                USBH_USR_DeviceAddressAssigned
 .text.USBH_USR_Configuration_DescAvailable
                0x080014a8       0x54 build\drivers\usbh_usr.o
                0x080014a8                USBH_USR_Configuration_DescAvailable
 .text.USBH_USR_Manufacturer_String
                0x080014fc       0x20 build\drivers\usbh_usr.o
                0x080014fc                USBH_USR_Manufacturer_String
 .text.USBH_USR_Product_String
                0x0800151c       0x20 build\drivers\usbh_usr.o
                0x0800151c                USBH_USR_Product_String
 .text.USBH_USR_SerialNum_String
                0x0800153c       0x20 build\drivers\usbh_usr.o
                0x0800153c                USBH_USR_SerialNum_String
 .text.USBH_USR_EnumerationDone
                0x0800155c       0x1c build\drivers\usbh_usr.o
                0x0800155c                USBH_USR_EnumerationDone
 .text.USBH_USR_DeviceNotSupported
                0x08001578       0x14 build\drivers\usbh_usr.o
                0x08001578                USBH_USR_DeviceNotSupported
 .text.USBH_USR_UserInput
                0x0800158c       0x1c build\drivers\usbh_usr.o
                0x0800158c                USBH_USR_UserInput
 .text.USBH_USR_OverCurrentDetected
                0x080015a8       0x14 build\drivers\usbh_usr.o
                0x080015a8                USBH_USR_OverCurrentDetected
 .text.USBH_USR_MSC_Application
                0x080015bc       0x38 build\drivers\usbh_usr.o
                0x080015bc                USBH_USR_MSC_Application
 .text.USBH_USR_DeInit
                0x080015f4       0x18 build\drivers\usbh_usr.o
                0x080015f4                USBH_USR_DeInit
 .text.SystemInit
                0x0800160c       0xb0 build\STM32F4xx_Libraries\CMSIS\ST\STM32F4xx\Source\Templates\system_stm32f4xx.o
                0x0800160c                SystemInit
 .text.SetSysClock
                0x080016bc      0x188 build\STM32F4xx_Libraries\CMSIS\ST\STM32F4xx\Source\Templates\system_stm32f4xx.o
 .text.NVIC_PriorityGroupConfig
                0x08001844       0x5c build\STM32F4xx_Libraries\STM32F4xx_StdPeriph_Driver\src\misc.o
                0x08001844                NVIC_PriorityGroupConfig
 .text.NVIC_Init
                0x080018a0      0x130 build\STM32F4xx_Libraries\STM32F4xx_StdPeriph_Driver\src\misc.o
                0x080018a0                NVIC_Init
 .text.NVIC_SetVectorTable
                0x080019d0       0x68 build\STM32F4xx_Libraries\STM32F4xx_StdPeriph_Driver\src\misc.o
                0x080019d0                NVIC_SetVectorTable
 .text.SysTick_CLKSourceConfig
                0x08001a38       0x68 build\STM32F4xx_Libraries\STM32F4xx_StdPeriph_Driver\src\misc.o
                0x08001a38                SysTick_CLKSourceConfig
 .text.DMA_Cmd  0x08001aa0      0x140 build\STM32F4xx_Libraries\STM32F4xx_StdPeriph_Driver\src\stm32f4xx_dma.o
                0x08001aa0                DMA_Cmd
 .text.EXTI_GetITStatus
                0x08001be0      0x110 build\STM32F4xx_Libraries\STM32F4xx_StdPeriph_Driver\src\stm32f4xx_exti.o
                0x08001be0                EXTI_GetITStatus
 .text.EXTI_ClearITPendingBit
                0x08001cf0       0x40 build\STM32F4xx_Libraries\STM32F4xx_StdPeriph_Driver\src\stm32f4xx_exti.o
                0x08001cf0                EXTI_ClearITPendingBit
 .text.GPIO_Init
                0x08001d30      0x294 build\STM32F4xx_Libraries\STM32F4xx_StdPeriph_Driver\src\stm32f4xx_gpio.o
                0x08001d30                GPIO_Init
 .text.GPIO_SetBits
                0x08001fc4       0xc0 build\STM32F4xx_Libraries\STM32F4xx_StdPeriph_Driver\src\stm32f4xx_gpio.o
                0x08001fc4                GPIO_SetBits
 .text.GPIO_ResetBits
                0x08002084       0xc0 build\STM32F4xx_Libraries\STM32F4xx_StdPeriph_Driver\src\stm32f4xx_gpio.o
                0x08002084                GPIO_ResetBits
 .text.GPIO_PinAFConfig
                0x08002144      0x28c build\STM32F4xx_Libraries\STM32F4xx_StdPeriph_Driver\src\stm32f4xx_gpio.o
                0x08002144                GPIO_PinAFConfig
 .text.RCC_GetClocksFreq
                0x080023d0      0x1cc build\STM32F4xx_Libraries\STM32F4xx_StdPeriph_Driver\src\stm32f4xx_rcc.o
                0x080023d0                RCC_GetClocksFreq
 .text.RCC_AHB1PeriphClockCmd
                0x0800259c       0x94 build\STM32F4xx_Libraries\STM32F4xx_StdPeriph_Driver\src\stm32f4xx_rcc.o
                0x0800259c                RCC_AHB1PeriphClockCmd
 .text.RCC_AHB2PeriphClockCmd
                0x08002630       0x8c build\STM32F4xx_Libraries\STM32F4xx_StdPeriph_Driver\src\stm32f4xx_rcc.o
                0x08002630                RCC_AHB2PeriphClockCmd
 .text.RCC_APB1PeriphClockCmd
                0x080026bc       0x94 build\STM32F4xx_Libraries\STM32F4xx_StdPeriph_Driver\src\stm32f4xx_rcc.o
                0x080026bc                RCC_APB1PeriphClockCmd
 .text.RCC_APB2PeriphClockCmd
                0x08002750       0x94 build\STM32F4xx_Libraries\STM32F4xx_StdPeriph_Driver\src\stm32f4xx_rcc.o
                0x08002750                RCC_APB2PeriphClockCmd
 .text.TIM_TimeBaseInit
                0x080027e4      0x224 build\STM32F4xx_Libraries\STM32F4xx_StdPeriph_Driver\src\stm32f4xx_tim.o
                0x080027e4                TIM_TimeBaseInit
 .text.TIM_ARRPreloadConfig
                0x08002a08      0x128 build\STM32F4xx_Libraries\STM32F4xx_StdPeriph_Driver\src\stm32f4xx_tim.o
                0x08002a08                TIM_ARRPreloadConfig
 .text.TIM_Cmd  0x08002b30      0x128 build\STM32F4xx_Libraries\STM32F4xx_StdPeriph_Driver\src\stm32f4xx_tim.o
                0x08002b30                TIM_Cmd
 .text.TIM_ITConfig
                0x08002c58      0x150 build\STM32F4xx_Libraries\STM32F4xx_StdPeriph_Driver\src\stm32f4xx_tim.o
                0x08002c58                TIM_ITConfig
 .text.TIM_GetITStatus
                0x08002da8      0x16c build\STM32F4xx_Libraries\STM32F4xx_StdPeriph_Driver\src\stm32f4xx_tim.o
                0x08002da8                TIM_GetITStatus
 .text.TIM_ClearITPendingBit
                0x08002f14       0xf0 build\STM32F4xx_Libraries\STM32F4xx_StdPeriph_Driver\src\stm32f4xx_tim.o
                0x08002f14                TIM_ClearITPendingBit
 .text.USART_Init
                0x08003004      0x36c build\STM32F4xx_Libraries\STM32F4xx_StdPeriph_Driver\src\stm32f4xx_usart.o
                0x08003004                USART_Init
 .text.USART_Cmd
                0x08003370       0xbc build\STM32F4xx_Libraries\STM32F4xx_StdPeriph_Driver\src\stm32f4xx_usart.o
                0x08003370                USART_Cmd
 .text.USART_ITConfig
                0x0800342c      0x1cc build\STM32F4xx_Libraries\STM32F4xx_StdPeriph_Driver\src\stm32f4xx_usart.o
                0x0800342c                USART_ITConfig
 .text.USART_GetITStatus
                0x080035f8      0x1f4 build\STM32F4xx_Libraries\STM32F4xx_StdPeriph_Driver\src\stm32f4xx_usart.o
                0x080035f8                USART_GetITStatus
 .text.USART_ClearITPendingBit
                0x080037ec      0x130 build\STM32F4xx_Libraries\STM32F4xx_StdPeriph_Driver\src\stm32f4xx_usart.o
                0x080037ec                USART_ClearITPendingBit
 .text.USBH_Open_Channel
                0x0800391c      0x108 build\STM32F4xx_Libraries\STM32_USB_HOST_Library\Core\src\usbh_hcs.o
                0x0800391c                USBH_Open_Channel
 .text.USBH_Modify_Channel
                0x08003a24       0x9c build\STM32F4xx_Libraries\STM32_USB_HOST_Library\Core\src\usbh_hcs.o
                0x08003a24                USBH_Modify_Channel
 .text.USBH_Alloc_Channel
                0x08003ac0       0x4c build\STM32F4xx_Libraries\STM32_USB_HOST_Library\Core\src\usbh_hcs.o
                0x08003ac0                USBH_Alloc_Channel
 .text.USBH_Free_Channel
                0x08003b0c       0x4c build\STM32F4xx_Libraries\STM32_USB_HOST_Library\Core\src\usbh_hcs.o
                0x08003b0c                USBH_Free_Channel
 .text.USBH_DeAllocate_AllChannel
                0x08003b58       0x44 build\STM32F4xx_Libraries\STM32_USB_HOST_Library\Core\src\usbh_hcs.o
                0x08003b58                USBH_DeAllocate_AllChannel
 .text.USBH_GetFreeChannel
                0x08003b9c       0x54 build\STM32F4xx_Libraries\STM32_USB_HOST_Library\Core\src\usbh_hcs.o
 .text.USBH_CtlReq
                0x08003bf0       0xa0 build\STM32F4xx_Libraries\STM32_USB_HOST_Library\Core\src\usbh_ioreq.o
                0x08003bf0                USBH_CtlReq
 .text.USBH_CtlSendSetup
                0x08003c90       0x7c build\STM32F4xx_Libraries\STM32_USB_HOST_Library\Core\src\usbh_ioreq.o
                0x08003c90                USBH_CtlSendSetup
 .text.USBH_CtlSendData
                0x08003d0c       0xc4 build\STM32F4xx_Libraries\STM32_USB_HOST_Library\Core\src\usbh_ioreq.o
                0x08003d0c                USBH_CtlSendData
 .text.USBH_CtlReceiveData
                0x08003dd0       0x7c build\STM32F4xx_Libraries\STM32_USB_HOST_Library\Core\src\usbh_ioreq.o
                0x08003dd0                USBH_CtlReceiveData
 .text.USBH_BulkSendData
                0x08003e4c       0xa8 build\STM32F4xx_Libraries\STM32_USB_HOST_Library\Core\src\usbh_ioreq.o
                0x08003e4c                USBH_BulkSendData
 .text.USBH_BulkReceiveData
                0x08003ef4       0xa8 build\STM32F4xx_Libraries\STM32_USB_HOST_Library\Core\src\usbh_ioreq.o
                0x08003ef4                USBH_BulkReceiveData
 .text.USBH_SubmitSetupRequest
                0x08003f9c       0x44 build\STM32F4xx_Libraries\STM32_USB_HOST_Library\Core\src\usbh_ioreq.o
 .text.USBH_Connected
                0x08003fe0       0x24 build\STM32F4xx_Libraries\STM32_USB_HOST_Library\Core\src\usbh_core.o
                0x08003fe0                USBH_Connected
 .text.USBH_Disconnected
                0x08004004       0x24 build\STM32F4xx_Libraries\STM32_USB_HOST_Library\Core\src\usbh_core.o
                0x08004004                USBH_Disconnected
 .text.USBH_SOF
                0x08004028       0x18 build\STM32F4xx_Libraries\STM32_USB_HOST_Library\Core\src\usbh_core.o
                0x08004028                USBH_SOF
 .text.USBH_Init
                0x08004040       0x58 build\STM32F4xx_Libraries\STM32_USB_HOST_Library\Core\src\usbh_core.o
                0x08004040                USBH_Init
 .text.USBH_DeInit
                0x08004098       0x74 build\STM32F4xx_Libraries\STM32_USB_HOST_Library\Core\src\usbh_core.o
                0x08004098                USBH_DeInit
 .text.USBH_Process
                0x0800410c      0x26c build\STM32F4xx_Libraries\STM32_USB_HOST_Library\Core\src\usbh_core.o
                0x0800410c                USBH_Process
 .text.USBH_ErrorHandle
                0x08004378       0x4c build\STM32F4xx_Libraries\STM32_USB_HOST_Library\Core\src\usbh_core.o
                0x08004378                USBH_ErrorHandle
 .text.USBH_HandleEnum
                0x080043c4      0x348 build\STM32F4xx_Libraries\STM32_USB_HOST_Library\Core\src\usbh_core.o
 .text.USBH_HandleControl
                0x0800470c      0x3ac build\STM32F4xx_Libraries\STM32_USB_HOST_Library\Core\src\usbh_core.o
                0x0800470c                USBH_HandleControl
 .text.USBH_Get_DevDesc
                0x08004ab8       0x5c build\STM32F4xx_Libraries\STM32_USB_HOST_Library\Core\src\usbh_stdreq.o
                0x08004ab8                USBH_Get_DevDesc
 .text.USBH_Get_CfgDesc
                0x08004b14       0x90 build\STM32F4xx_Libraries\STM32_USB_HOST_Library\Core\src\usbh_stdreq.o
                0x08004b14                USBH_Get_CfgDesc
 .text.USBH_Get_StringDesc
                0x08004ba4       0x5c build\STM32F4xx_Libraries\STM32_USB_HOST_Library\Core\src\usbh_stdreq.o
                0x08004ba4                USBH_Get_StringDesc
 .text.USBH_GetDescriptor
                0x08004c00       0x64 build\STM32F4xx_Libraries\STM32_USB_HOST_Library\Core\src\usbh_stdreq.o
                0x08004c00                USBH_GetDescriptor
 .text.USBH_SetAddress
                0x08004c64       0x54 build\STM32F4xx_Libraries\STM32_USB_HOST_Library\Core\src\usbh_stdreq.o
                0x08004c64                USBH_SetAddress
 .text.USBH_SetCfg
                0x08004cb8       0x50 build\STM32F4xx_Libraries\STM32_USB_HOST_Library\Core\src\usbh_stdreq.o
                0x08004cb8                USBH_SetCfg
 .text.USBH_ClrFeature
                0x08004d08       0x84 build\STM32F4xx_Libraries\STM32_USB_HOST_Library\Core\src\usbh_stdreq.o
                0x08004d08                USBH_ClrFeature
 .text.USBH_ParseDevDesc
                0x08004d8c       0xf0 build\STM32F4xx_Libraries\STM32_USB_HOST_Library\Core\src\usbh_stdreq.o
 .text.USBH_ParseCfgDesc
                0x08004e7c      0x208 build\STM32F4xx_Libraries\STM32_USB_HOST_Library\Core\src\usbh_stdreq.o
 .text.USBH_ParseInterfaceDesc
                0x08005084       0x5c build\STM32F4xx_Libraries\STM32_USB_HOST_Library\Core\src\usbh_stdreq.o
 .text.USBH_ParseEPDesc
                0x080050e0       0x5c build\STM32F4xx_Libraries\STM32_USB_HOST_Library\Core\src\usbh_stdreq.o
 .text.USBH_ParseStringDesc
                0x0800513c       0x74 build\STM32F4xx_Libraries\STM32_USB_HOST_Library\Core\src\usbh_stdreq.o
 .text.USBH_GetNextDesc
                0x080051b0       0x34 build\STM32F4xx_Libraries\STM32_USB_HOST_Library\Core\src\usbh_stdreq.o
                0x080051b0                USBH_GetNextDesc
 .text.USBH_MSC_Init
                0x080051e4       0x78 build\STM32F4xx_Libraries\STM32_USB_HOST_Library\Class\Msc\src\usbh_msc_bot.o
                0x080051e4                USBH_MSC_Init
 .text.USBH_MSC_HandleBOTXfer
                0x0800525c      0x69c build\STM32F4xx_Libraries\STM32_USB_HOST_Library\Class\Msc\src\usbh_msc_bot.o
                0x0800525c                USBH_MSC_HandleBOTXfer
 .text.USBH_MSC_BOT_Abort
                0x080058f8       0xa0 build\STM32F4xx_Libraries\STM32_USB_HOST_Library\Class\Msc\src\usbh_msc_bot.o
                0x080058f8                USBH_MSC_BOT_Abort
 .text.USBH_MSC_DecodeCSW
                0x08005998       0xd4 build\STM32F4xx_Libraries\STM32_USB_HOST_Library\Class\Msc\src\usbh_msc_bot.o
                0x08005998                USBH_MSC_DecodeCSW
 .text.USBH_MSC_InterfaceInit
                0x08005a6c      0x180 build\STM32F4xx_Libraries\STM32_USB_HOST_Library\Class\Msc\src\usbh_msc_core.o
 .text.USBH_MSC_InterfaceDeInit
                0x08005bec       0x94 build\STM32F4xx_Libraries\STM32_USB_HOST_Library\Class\Msc\src\usbh_msc_core.o
 .text.USBH_MSC_ClassRequest
                0x08005c80       0x2c build\STM32F4xx_Libraries\STM32_USB_HOST_Library\Class\Msc\src\usbh_msc_core.o
 .text.USBH_MSC_Handle
                0x08005cac      0x2f4 build\STM32F4xx_Libraries\STM32_USB_HOST_Library\Class\Msc\src\usbh_msc_core.o
 .text.USBH_MSC_BOTReset
                0x08005fa0       0x50 build\STM32F4xx_Libraries\STM32_USB_HOST_Library\Class\Msc\src\usbh_msc_core.o
 .text.USBH_MSC_GETMaxLUN
                0x08005ff0       0x50 build\STM32F4xx_Libraries\STM32_USB_HOST_Library\Class\Msc\src\usbh_msc_core.o
 .text.USBH_MSC_ErrorHandle
                0x08006040       0x84 build\STM32F4xx_Libraries\STM32_USB_HOST_Library\Class\Msc\src\usbh_msc_core.o
                0x08006040                USBH_MSC_ErrorHandle
 .text.USBH_MSC_TestUnitReady
                0x080060c4      0x17c build\STM32F4xx_Libraries\STM32_USB_HOST_Library\Class\Msc\src\usbh_msc_scsi.o
                0x080060c4                USBH_MSC_TestUnitReady
 .text.USBH_MSC_ReadCapacity10
                0x08006240      0x1f0 build\STM32F4xx_Libraries\STM32_USB_HOST_Library\Class\Msc\src\usbh_msc_scsi.o
                0x08006240                USBH_MSC_ReadCapacity10
 .text.USBH_MSC_ModeSense6
                0x08006430      0x1b8 build\STM32F4xx_Libraries\STM32_USB_HOST_Library\Class\Msc\src\usbh_msc_scsi.o
                0x08006430                USBH_MSC_ModeSense6
 .text.USBH_MSC_RequestSense
                0x080065e8      0x1f4 build\STM32F4xx_Libraries\STM32_USB_HOST_Library\Class\Msc\src\usbh_msc_scsi.o
                0x080065e8                USBH_MSC_RequestSense
 .text.USB_OTG_EnableCommonInt
                0x080067dc       0x44 build\STM32F4xx_Libraries\STM32_USB_OTG_Driver\src\usb_core.o
 .text.USB_OTG_CoreReset
                0x08006820       0xa8 build\STM32F4xx_Libraries\STM32_USB_OTG_Driver\src\usb_core.o
 .text.USB_OTG_WritePacket
                0x080068c8       0x88 build\STM32F4xx_Libraries\STM32_USB_OTG_Driver\src\usb_core.o
                0x080068c8                USB_OTG_WritePacket
 .text.USB_OTG_ReadPacket
                0x08006950       0x68 build\STM32F4xx_Libraries\STM32_USB_OTG_Driver\src\usb_core.o
                0x08006950                USB_OTG_ReadPacket
 .text.USB_OTG_SelectCore
                0x080069b8      0x1b4 build\STM32F4xx_Libraries\STM32_USB_OTG_Driver\src\usb_core.o
                0x080069b8                USB_OTG_SelectCore
 .text.USB_OTG_CoreInit
                0x08006b6c      0x150 build\STM32F4xx_Libraries\STM32_USB_OTG_Driver\src\usb_core.o
                0x08006b6c                USB_OTG_CoreInit
 .text.USB_OTG_EnableGlobalInt
                0x08006cbc       0x3c build\STM32F4xx_Libraries\STM32_USB_OTG_Driver\src\usb_core.o
                0x08006cbc                USB_OTG_EnableGlobalInt
 .text.USB_OTG_DisableGlobalInt
                0x08006cf8       0x40 build\STM32F4xx_Libraries\STM32_USB_OTG_Driver\src\usb_core.o
                0x08006cf8                USB_OTG_DisableGlobalInt
 .text.USB_OTG_FlushTxFifo
                0x08006d38       0x80 build\STM32F4xx_Libraries\STM32_USB_OTG_Driver\src\usb_core.o
                0x08006d38                USB_OTG_FlushTxFifo
 .text.USB_OTG_FlushRxFifo
                0x08006db8       0x6c build\STM32F4xx_Libraries\STM32_USB_OTG_Driver\src\usb_core.o
                0x08006db8                USB_OTG_FlushRxFifo
 .text.USB_OTG_SetCurrentMode
                0x08006e24       0x64 build\STM32F4xx_Libraries\STM32_USB_OTG_Driver\src\usb_core.o
                0x08006e24                USB_OTG_SetCurrentMode
 .text.USB_OTG_GetMode
                0x08006e88       0x20 build\STM32F4xx_Libraries\STM32_USB_OTG_Driver\src\usb_core.o
                0x08006e88                USB_OTG_GetMode
 .text.USB_OTG_IsHostMode
                0x08006ea8       0x24 build\STM32F4xx_Libraries\STM32_USB_OTG_Driver\src\usb_core.o
                0x08006ea8                USB_OTG_IsHostMode
 .text.USB_OTG_ReadCoreItr
                0x08006ecc       0x30 build\STM32F4xx_Libraries\STM32_USB_OTG_Driver\src\usb_core.o
                0x08006ecc                USB_OTG_ReadCoreItr
 .text.USB_OTG_CoreInitHost
                0x08006efc      0x13c build\STM32F4xx_Libraries\STM32_USB_OTG_Driver\src\usb_core.o
                0x08006efc                USB_OTG_CoreInitHost
 .text.USB_OTG_IsEvenFrame
                0x08007038       0x28 build\STM32F4xx_Libraries\STM32_USB_OTG_Driver\src\usb_core.o
                0x08007038                USB_OTG_IsEvenFrame
 .text.USB_OTG_DriveVbus
                0x08007060       0x80 build\STM32F4xx_Libraries\STM32_USB_OTG_Driver\src\usb_core.o
                0x08007060                USB_OTG_DriveVbus
 .text.USB_OTG_EnableHostInt
                0x080070e0       0x8c build\STM32F4xx_Libraries\STM32_USB_OTG_Driver\src\usb_core.o
                0x080070e0                USB_OTG_EnableHostInt
 .text.USB_OTG_InitFSLSPClkSel
                0x0800716c       0x38 build\STM32F4xx_Libraries\STM32_USB_OTG_Driver\src\usb_core.o
                0x0800716c                USB_OTG_InitFSLSPClkSel
 .text.USB_OTG_ReadHPRT0
                0x080071a4       0x40 build\STM32F4xx_Libraries\STM32_USB_OTG_Driver\src\usb_core.o
                0x080071a4                USB_OTG_ReadHPRT0
 .text.USB_OTG_ReadHostAllChannels_intr
                0x080071e4       0x1c build\STM32F4xx_Libraries\STM32_USB_OTG_Driver\src\usb_core.o
                0x080071e4                USB_OTG_ReadHostAllChannels_intr
 .text.USB_OTG_ResetPort
                0x08007200       0x54 build\STM32F4xx_Libraries\STM32_USB_OTG_Driver\src\usb_core.o
                0x08007200                USB_OTG_ResetPort
 .text.USB_OTG_HC_Init
                0x08007254      0x2d4 build\STM32F4xx_Libraries\STM32_USB_OTG_Driver\src\usb_core.o
                0x08007254                USB_OTG_HC_Init
 .text.USB_OTG_HC_StartXfer
                0x08007528      0x308 build\STM32F4xx_Libraries\STM32_USB_OTG_Driver\src\usb_core.o
                0x08007528                USB_OTG_HC_StartXfer
 .text.USB_OTG_HC_Halt
                0x08007830       0xb0 build\STM32F4xx_Libraries\STM32_USB_OTG_Driver\src\usb_core.o
                0x08007830                USB_OTG_HC_Halt
 .text.USB_OTG_HC_DoPing
                0x080078e0       0x88 build\STM32F4xx_Libraries\STM32_USB_OTG_Driver\src\usb_core.o
                0x080078e0                USB_OTG_HC_DoPing
 .text.HCD_Init
                0x08007968       0xa8 build\STM32F4xx_Libraries\STM32_USB_OTG_Driver\src\usb_hcd.o
                0x08007968                HCD_Init
 .text.HCD_GetCurrentSpeed
                0x08007a10       0x28 build\STM32F4xx_Libraries\STM32_USB_OTG_Driver\src\usb_hcd.o
                0x08007a10                HCD_GetCurrentSpeed
 .text.HCD_ResetPort
                0x08007a38       0x1c build\STM32F4xx_Libraries\STM32_USB_OTG_Driver\src\usb_hcd.o
                0x08007a38                HCD_ResetPort
 .text.HCD_IsDeviceConnected
                0x08007a54       0x1c build\STM32F4xx_Libraries\STM32_USB_OTG_Driver\src\usb_hcd.o
                0x08007a54                HCD_IsDeviceConnected
 .text.HCD_GetCurrentFrame
                0x08007a70       0x24 build\STM32F4xx_Libraries\STM32_USB_OTG_Driver\src\usb_hcd.o
                0x08007a70                HCD_GetCurrentFrame
 .text.HCD_GetURB_State
                0x08007a94       0x24 build\STM32F4xx_Libraries\STM32_USB_OTG_Driver\src\usb_hcd.o
                0x08007a94                HCD_GetURB_State
 .text.HCD_GetXferCnt
                0x08007ab8       0x24 build\STM32F4xx_Libraries\STM32_USB_OTG_Driver\src\usb_hcd.o
                0x08007ab8                HCD_GetXferCnt
 .text.HCD_SubmitRequest
                0x08007adc       0x44 build\STM32F4xx_Libraries\STM32_USB_OTG_Driver\src\usb_hcd.o
                0x08007adc                HCD_SubmitRequest
 .text.USBH_OTG_ISR_Handler
                0x08007b20      0x114 build\STM32F4xx_Libraries\STM32_USB_OTG_Driver\src\usb_hcd_int.o
                0x08007b20                USBH_OTG_ISR_Handler
 .text.USB_OTG_USBH_handle_hc_ISR
                0x08007c34       0x9c build\STM32F4xx_Libraries\STM32_USB_OTG_Driver\src\usb_hcd_int.o
 .text.USB_OTG_USBH_handle_sof_ISR
                0x08007cd0       0x3c build\STM32F4xx_Libraries\STM32_USB_OTG_Driver\src\usb_hcd_int.o
 .text.USB_OTG_USBH_handle_Disconnect_ISR
                0x08007d0c       0x3c build\STM32F4xx_Libraries\STM32_USB_OTG_Driver\src\usb_hcd_int.o
 .text.USB_OTG_USBH_handle_nptxfempty_ISR
                0x08007d48      0x1b0 build\STM32F4xx_Libraries\STM32_USB_OTG_Driver\src\usb_hcd_int.o
 .text.USB_OTG_USBH_handle_ptxfempty_ISR
                0x08007ef8      0x1b0 build\STM32F4xx_Libraries\STM32_USB_OTG_Driver\src\usb_hcd_int.o
 .text.USB_OTG_USBH_handle_port_ISR
                0x080080a8      0x184 build\STM32F4xx_Libraries\STM32_USB_OTG_Driver\src\usb_hcd_int.o
 .text.USB_OTG_USBH_handle_hc_n_Out_ISR
                0x0800822c      0x5c0 build\STM32F4xx_Libraries\STM32_USB_OTG_Driver\src\usb_hcd_int.o
 .text.USB_OTG_USBH_handle_hc_n_In_ISR
                0x080087ec      0x60c build\STM32F4xx_Libraries\STM32_USB_OTG_Driver\src\usb_hcd_int.o
 .text.USB_OTG_USBH_handle_rx_qlvl_ISR
                0x08008df8      0x1c8 build\STM32F4xx_Libraries\STM32_USB_OTG_Driver\src\usb_hcd_int.o
 .text.USB_OTG_USBH_handle_IncompletePeriodicXfer_ISR
                0x08008fc0       0x54 build\STM32F4xx_Libraries\STM32_USB_OTG_Driver\src\usb_hcd_int.o
 .text.Reset_Handler
                0x08009014       0x4c build\STM32F4xx_Libraries\CMSIS\ST\STM32F4xx\Source\Templates\gcc_ride7\startup_stm32f4xx.o
                0x08009014                Reset_Handler
 .text.Default_Handler
                0x08009060        0x4 build\STM32F4xx_Libraries\CMSIS\ST\STM32F4xx\Source\Templates\gcc_ride7\startup_stm32f4xx.o
                0x08009060                RTC_Alarm_IRQHandler
                0x08009060                HASH_RNG_IRQHandler
                0x08009060                EXTI2_IRQHandler
                0x08009060                TIM8_CC_IRQHandler
                0x08009060                TIM1_CC_IRQHandler
                0x08009060                DMA2_Stream5_IRQHandler
                0x08009060                DMA1_Stream5_IRQHandler
                0x08009060                PVD_IRQHandler
                0x08009060                SDIO_IRQHandler
                0x08009060                TAMP_STAMP_IRQHandler
                0x08009060                CAN2_RX1_IRQHandler
                0x08009060                EXTI3_IRQHandler
                0x08009060                TIM8_TRG_COM_TIM14_IRQHandler
                0x08009060                TIM1_UP_TIM10_IRQHandler
                0x08009060                TIM8_UP_TIM13_IRQHandler
                0x08009060                I2C3_ER_IRQHandler
                0x08009060                EXTI0_IRQHandler
                0x08009060                I2C2_EV_IRQHandler
                0x08009060                DMA1_Stream2_IRQHandler
                0x08009060                CAN1_RX0_IRQHandler
                0x08009060                FPU_IRQHandler
                0x08009060                OTG_HS_WKUP_IRQHandler
                0x08009060                CAN2_SCE_IRQHandler
                0x08009060                DMA2_Stream2_IRQHandler
                0x08009060                SPI1_IRQHandler
                0x08009060                TIM6_DAC_IRQHandler
                0x08009060                TIM1_BRK_TIM9_IRQHandler
                0x08009060                DCMI_IRQHandler
                0x08009060                CAN2_RX0_IRQHandler
                0x08009060                DMA2_Stream3_IRQHandler
                0x08009060                USART6_IRQHandler
                0x08009060                CRYP_IRQHandler
                0x08009060                CAN1_RX1_IRQHandler
                0x08009060                UART5_IRQHandler
                0x08009060                DMA2_Stream0_IRQHandler
                0x08009060                TIM4_IRQHandler
                0x08009060                I2C1_EV_IRQHandler
                0x08009060                DMA1_Stream6_IRQHandler
                0x08009060                DMA1_Stream1_IRQHandler
                0x08009060                UART4_IRQHandler
                0x08009060                TIM3_IRQHandler
                0x08009060                RCC_IRQHandler
                0x08009060                TIM8_BRK_TIM12_IRQHandler
                0x08009060                Default_Handler
                0x08009060                EXTI15_10_IRQHandler
                0x08009060                ADC_IRQHandler
                0x08009060                DMA1_Stream7_IRQHandler
                0x08009060                TIM7_IRQHandler
                0x08009060                CAN2_TX_IRQHandler
                0x08009060                TIM5_IRQHandler
                0x08009060                DMA2_Stream7_IRQHandler
                0x08009060                I2C3_EV_IRQHandler
                0x08009060                EXTI9_5_IRQHandler
                0x08009060                RTC_WKUP_IRQHandler
                0x08009060                ETH_WKUP_IRQHandler
                0x08009060                SPI2_IRQHandler
                0x08009060                OTG_HS_EP1_IN_IRQHandler
                0x08009060                DMA1_Stream0_IRQHandler
                0x08009060                CAN1_TX_IRQHandler
                0x08009060                EXTI4_IRQHandler
                0x08009060                FSMC_IRQHandler
                0x08009060                ETH_IRQHandler
                0x08009060                OTG_HS_EP1_OUT_IRQHandler
                0x08009060                WWDG_IRQHandler
                0x08009060                OTG_FS_WKUP_IRQHandler
                0x08009060                TIM1_TRG_COM_TIM11_IRQHandler
                0x08009060                OTG_HS_IRQHandler
                0x08009060                I2C2_ER_IRQHandler
                0x08009060                DMA2_Stream1_IRQHandler
                0x08009060                CAN1_SCE_IRQHandler
                0x08009060                FLASH_IRQHandler
                0x08009060                DMA2_Stream4_IRQHandler
                0x08009060                SPI3_IRQHandler
                0x08009060                DMA1_Stream4_IRQHandler
                0x08009060                I2C1_ER_IRQHandler
                0x08009060                DMA2_Stream6_IRQHandler
                0x08009060                DMA1_Stream3_IRQHandler
 .text.rt_system_tick_init
                0x08009064        0xc build\src\clock.o
                0x08009064                rt_system_tick_init
 .text.rt_tick_get
                0x08009070       0x18 build\src\clock.o
                0x08009070                rt_tick_get
 .text.rt_tick_increase
                0x08009088       0x50 build\src\clock.o
                0x08009088                rt_tick_increase
 .text.rt_device_register
                0x080090d8       0x3c build\src\device.o
                0x080090d8                rt_device_register
 .text.rt_device_init_all
                0x08009114       0x84 build\src\device.o
                0x08009114                rt_device_init_all
 .text.rt_device_find
                0x08009198       0x84 build\src\device.o
                0x08009198                rt_device_find
 .text.rt_device_open
                0x0800921c       0xec build\src\device.o
                0x0800921c                rt_device_open
 .text.rt_device_close
                0x08009308       0x7c build\src\device.o
                0x08009308                rt_device_close
 .text.rt_device_read
                0x08009384       0x74 build\src\device.o
                0x08009384                rt_device_read
 .text.rt_device_write
                0x080093f8       0x74 build\src\device.o
                0x080093f8                rt_device_write
 .text.rt_device_set_rx_indicate
                0x0800946c       0x54 build\src\device.o
                0x0800946c                rt_device_set_rx_indicate
 .text.rt_list_remove
                0x080094c0       0x34 build\src\idle.o
 .text.rt_list_isempty
                0x080094f4       0x24 build\src\idle.o
 .text.rt_thread_idle_excute
                0x08009518       0xf0 build\src\idle.o
                0x08009518                rt_thread_idle_excute
 .text.rt_thread_idle_entry
                0x08009608       0x28 build\src\idle.o
 .text.rt_thread_idle_init
                0x08009630       0x54 build\src\idle.o
                0x08009630                rt_thread_idle_init
 .text.rt_list_init
                0x08009684       0x20 build\src\ipc.o
 .text.rt_list_insert_before
                0x080096a4       0x30 build\src\ipc.o
 .text.rt_list_isempty
                0x080096d4       0x24 build\src\ipc.o
 .text.rt_ipc_object_init
                0x080096f8       0x24 build\src\ipc.o
 .text.rt_ipc_list_suspend
                0x0800971c       0x9c build\src\ipc.o
 .text.rt_ipc_list_resume
                0x080097b8       0x28 build\src\ipc.o
 .text.rt_sem_init
                0x080097e0       0x74 build\src\ipc.o
                0x080097e0                rt_sem_init
 .text.rt_sem_take
                0x08009854      0x178 build\src\ipc.o
                0x08009854                rt_sem_take
 .text.rt_sem_release
                0x080099cc       0x80 build\src\ipc.o
                0x080099cc                rt_sem_release
 .text.rt_mutex_take
                0x08009a4c      0x1e4 build\src\ipc.o
                0x08009a4c                rt_mutex_take
 .text.rt_mutex_release
                0x08009c30      0x11c build\src\ipc.o
                0x08009c30                rt_mutex_release
 .text.rt_interrupt_enter
                0x08009d4c       0x38 build\src\irq.o
                0x08009d4c                rt_interrupt_enter
 .text.rt_interrupt_leave
                0x08009d84       0x38 build\src\irq.o
                0x08009d84                rt_interrupt_leave
 .text.rt_interrupt_get_nest
                0x08009dbc       0x18 build\src\irq.o
                0x08009dbc                rt_interrupt_get_nest
 .text.rt_set_errno
                0x08009dd4       0x48 build\src\kservice.o
                0x08009dd4                rt_set_errno
 .text.rt_memset
                0x08009e1c       0xe8 build\src\kservice.o
                0x08009e1c                rt_memset
                0x08009e1c                memset
 .text.rt_memcpy
                0x08009f04      0x118 build\src\kservice.o
                0x08009f04                rt_memcpy
                0x08009f04                memcpy
 .text.rt_strncpy
                0x0800a01c       0x84 build\src\kservice.o
                0x0800a01c                rt_strncpy
 .text.rt_strncmp
                0x0800a0a0       0x70 build\src\kservice.o
                0x0800a0a0                rt_strncmp
 .text.rt_strlen
                0x0800a110       0x30 build\src\kservice.o
                0x0800a110                strlen
                0x0800a110                rt_strlen
 .text.rt_strdup
                0x0800a140       0x40 build\src\kservice.o
                0x0800a140                rt_strdup
                0x0800a140                strdup
 .text.rt_show_version
                0x0800a180       0x50 build\src\kservice.o
                0x0800a180                rt_show_version
 .text.divide   0x0800a1d0       0x7c build\src\kservice.o
 .text.skip_atoi
                0x0800a24c       0x4c build\src\kservice.o
 .text.print_number
                0x0800a298      0x244 build\src\kservice.o
 .text.vsnprintf
                0x0800a4dc      0x5d0 build\src\kservice.o
 .text.rt_snprintf
                0x0800aaac       0x34 build\src\kservice.o
                0x0800aaac                rt_snprintf
                0x0800aaac                snprintf
 .text.rt_console_set_device
                0x0800aae0       0x6c build\src\kservice.o
                0x0800aae0                rt_console_set_device
 .text.rt_hw_console_output
                0x0800ab4c       0x14 build\src\kservice.o
                0x0800ab4c                rt_hw_console_output
 .text.rt_kprintf
                0x0800ab60       0x70 build\src\kservice.o
                0x0800ab60                rt_kprintf
 .text.plug_holes
                0x0800abd0      0x1a0 build\src\mem.o
 .text.rt_system_heap_init
                0x0800ad70      0x1a0 build\src\mem.o
                0x0800ad70                rt_system_heap_init
 .text.rt_malloc
                0x0800af10      0x40c build\src\mem.o
                0x0800af10                rt_malloc
 .text.rt_free  0x0800b31c      0x22c build\src\mem.o
                0x0800b31c                rt_free
 .text.list_mem
                0x0800b548       0x50 build\src\mem.o
                0x0800b548                list_mem
 .text.rt_list_init
                0x0800b598       0x20 build\src\mempool.o
 .text.rt_list_insert_after
                0x0800b5b8       0x30 build\src\mempool.o
 .text.rt_mp_init
                0x0800b5e8      0x10c build\src\mempool.o
                0x0800b5e8                rt_mp_init
 .text.rt_mp_alloc
                0x0800b6f4      0x170 build\src\mempool.o
                0x0800b6f4                rt_mp_alloc
 .text.rt_list_insert_after
                0x0800b864       0x30 build\src\object.o
 .text.rt_list_remove
                0x0800b894       0x34 build\src\object.o
 .text.rt_system_object_init
                0x0800b8c8        0xc build\src\object.o
                0x0800b8c8                rt_system_object_init
 .text.rt_object_init
                0x0800b8d4       0x80 build\src\object.o
                0x0800b8d4                rt_object_init
 .text.rt_object_detach
                0x0800b954       0x78 build\src\object.o
                0x0800b954                rt_object_detach
 .text.rt_object_allocate
                0x0800b9cc       0xf4 build\src\object.o
                0x0800b9cc                rt_object_allocate
 .text.rt_object_delete
                0x0800bac0       0xb8 build\src\object.o
                0x0800bac0                rt_object_delete
 .text.rt_object_is_systemobject
                0x0800bb78       0x5c build\src\object.o
                0x0800bb78                rt_object_is_systemobject
 .text.rt_list_init
                0x0800bbd4       0x20 build\src\scheduler.o
 .text.rt_list_insert_before
                0x0800bbf4       0x30 build\src\scheduler.o
 .text.rt_list_remove
                0x0800bc24       0x34 build\src\scheduler.o
 .text.rt_list_isempty
                0x0800bc58       0x24 build\src\scheduler.o
 .text._rt_scheduler_stack_check
                0x0800bc7c       0xb0 build\src\scheduler.o
 .text.rt_system_scheduler_init
                0x0800bd2c       0x70 build\src\scheduler.o
                0x0800bd2c                rt_system_scheduler_init
 .text.rt_system_scheduler_start
                0x0800bd9c       0xdc build\src\scheduler.o
                0x0800bd9c                rt_system_scheduler_start
 .text.rt_schedule
                0x0800be78      0x184 build\src\scheduler.o
                0x0800be78                rt_schedule
 .text.rt_schedule_insert_thread
                0x0800bffc       0x98 build\src\scheduler.o
                0x0800bffc                rt_schedule_insert_thread
 .text.rt_schedule_remove_thread
                0x0800c094       0x9c build\src\scheduler.o
                0x0800c094                rt_schedule_remove_thread
 .text.rt_enter_critical
                0x0800c130       0x2c build\src\scheduler.o
                0x0800c130                rt_enter_critical
 .text.rt_exit_critical
                0x0800c15c       0x58 build\src\scheduler.o
                0x0800c15c                rt_exit_critical
 .text.rt_list_init
                0x0800c1b4       0x20 build\src\thread.o
 .text.rt_list_insert_after
                0x0800c1d4       0x30 build\src\thread.o
 .text.rt_list_insert_before
                0x0800c204       0x30 build\src\thread.o
 .text.rt_list_remove
                0x0800c234       0x34 build\src\thread.o
 .text.rt_thread_exit
                0x0800c268       0x84 build\src\thread.o
 .text._rt_thread_init
                0x0800c2ec      0x124 build\src\thread.o
 .text.rt_thread_init
                0x0800c410       0xac build\src\thread.o
                0x0800c410                rt_thread_init
 .text.rt_thread_self
                0x0800c4bc       0x18 build\src\thread.o
                0x0800c4bc                rt_thread_self
 .text.rt_thread_startup
                0x0800c4d4       0xc0 build\src\thread.o
                0x0800c4d4                rt_thread_startup
 .text.rt_thread_create
                0x0800c594       0x6c build\src\thread.o
                0x0800c594                rt_thread_create
 .text.rt_thread_delete
                0x0800c600       0x88 build\src\thread.o
                0x0800c600                rt_thread_delete
 .text.rt_thread_yield
                0x0800c688       0x80 build\src\thread.o
                0x0800c688                rt_thread_yield
 .text.rt_thread_sleep
                0x0800c708       0xa0 build\src\thread.o
                0x0800c708                rt_thread_sleep
 .text.rt_thread_delay
                0x0800c7a8       0x1c build\src\thread.o
                0x0800c7a8                rt_thread_delay
 .text.rt_thread_control
                0x0800c7c4       0xd8 build\src\thread.o
                0x0800c7c4                rt_thread_control
 .text.rt_thread_suspend
                0x0800c89c       0x78 build\src\thread.o
                0x0800c89c                rt_thread_suspend
 .text.rt_thread_resume
                0x0800c914       0x98 build\src\thread.o
                0x0800c914                rt_thread_resume
 .text.rt_thread_timeout
                0x0800c9ac       0xa0 build\src\thread.o
                0x0800c9ac                rt_thread_timeout
 .text.rt_list_init
                0x0800ca4c       0x20 build\src\timer.o
 .text.rt_list_insert_before
                0x0800ca6c       0x30 build\src\timer.o
 .text.rt_list_remove
                0x0800ca9c       0x34 build\src\timer.o
 .text.rt_list_isempty
                0x0800cad0       0x24 build\src\timer.o
 .text._rt_timer_init
                0x0800caf4       0x50 build\src\timer.o
 .text.rt_timer_init
                0x0800cb44       0x68 build\src\timer.o
                0x0800cb44                rt_timer_init
 .text.rt_timer_detach
                0x0800cbac       0x68 build\src\timer.o
                0x0800cbac                rt_timer_detach
 .text.rt_timer_start
                0x0800cc14      0x148 build\src\timer.o
                0x0800cc14                rt_timer_start
 .text.rt_timer_control
                0x0800cd5c       0xa4 build\src\timer.o
                0x0800cd5c                rt_timer_control
 .text.rt_timer_check
                0x0800ce00       0xd4 build\src\timer.o
                0x0800ce00                rt_timer_check
 .text.rt_system_timer_init
                0x0800ced4        0xc build\src\timer.o
                0x0800ced4                rt_system_timer_init
 .text.rt_system_timer_thread_init
                0x0800cee0        0xc build\src\timer.o
                0x0800cee0                rt_system_timer_thread_init
 .text.rt_hw_stack_init
                0x0800ceec       0x94 build\libcpu\arm\cortex-m4\cpuport.o
                0x0800ceec                rt_hw_stack_init
 .text.rt_hw_hard_fault_exception
                0x0800cf80       0xb8 build\libcpu\arm\cortex-m4\cpuport.o
                0x0800cf80                rt_hw_hard_fault_exception
 .text.dfs_lock
                0x0800d038       0x54 build\components\dfs\src\dfs.o
                0x0800d038                dfs_lock
 .text.dfs_unlock
                0x0800d08c       0x14 build\components\dfs\src\dfs.o
                0x0800d08c                dfs_unlock
 .text.fd_new   0x0800d0a0       0x74 build\components\dfs\src\dfs.o
                0x0800d0a0                fd_new
 .text.fd_get   0x0800d114       0x4c build\components\dfs\src\dfs.o
                0x0800d114                fd_get
 .text.fd_put   0x0800d160       0x70 build\components\dfs\src\dfs.o
                0x0800d160                fd_put
 .text.fd_is_open
                0x0800d1d0       0xe0 build\components\dfs\src\dfs.o
                0x0800d1d0                fd_is_open
 .text.dfs_subdir
                0x0800d2b0       0x58 build\components\dfs\src\dfs.o
                0x0800d2b0                dfs_subdir
 .text.dfs_normalize_path
                0x0800d308      0x260 build\components\dfs\src\dfs.o
                0x0800d308                dfs_normalize_path
 .text.dfs_filesystem_lookup
                0x0800d568      0x104 build\components\dfs\src\dfs_fs.o
                0x0800d568                dfs_filesystem_lookup
 .text.dfs_mkfs
                0x0800d66c       0x94 build\components\dfs\src\dfs_fs.o
                0x0800d66c                dfs_mkfs
 .text.dfs_statfs
                0x0800d700       0x40 build\components\dfs\src\dfs_fs.o
                0x0800d700                dfs_statfs
 .text.mkfs     0x0800d740       0x1c build\components\dfs\src\dfs_fs.o
                0x0800d740                mkfs
 .text.df       0x0800d75c       0x38 build\components\dfs\src\dfs_fs.o
                0x0800d75c                df
 .text.dfs_file_open
                0x0800d794      0x158 build\components\dfs\src\dfs_file.o
                0x0800d794                dfs_file_open
 .text.dfs_file_close
                0x0800d8ec       0x5c build\components\dfs\src\dfs_file.o
                0x0800d8ec                dfs_file_close
 .text.dfs_file_read
                0x0800d948       0x64 build\components\dfs\src\dfs_file.o
                0x0800d948                dfs_file_read
 .text.dfs_file_getdents
                0x0800d9ac       0x50 build\components\dfs\src\dfs_file.o
                0x0800d9ac                dfs_file_getdents
 .text.dfs_file_unlink
                0x0800d9fc       0xd8 build\components\dfs\src\dfs_file.o
                0x0800d9fc                dfs_file_unlink
 .text.dfs_file_write
                0x0800dad4       0x48 build\components\dfs\src\dfs_file.o
                0x0800dad4                dfs_file_write
 .text.dfs_file_stat
                0x0800db1c      0x110 build\components\dfs\src\dfs_file.o
                0x0800db1c                dfs_file_stat
 .text.ls       0x0800dc2c      0x150 build\components\dfs\src\dfs_file.o
                0x0800dc2c                ls
 .text.rm       0x0800dd7c       0x2c build\components\dfs\src\dfs_file.o
                0x0800dd7c                rm
 .text.cat      0x0800dda8       0x90 build\components\dfs\src\dfs_file.o
                0x0800dda8                cat
 .text.copy     0x0800de38       0xe0 build\components\dfs\src\dfs_file.o
                0x0800de38                copy
 .text.mkdir    0x0800df18       0x74 build\components\dfs\src\dfs_posix.o
                0x0800df18                mkdir
 .text.rt_list_isempty
                0x0800df8c       0x24 build\components\finsh\cmd.o
 .text.rt_list_len
                0x0800dfb0       0x3c build\components\finsh\cmd.o
 .text.hello    0x0800dfec       0x18 build\components\finsh\cmd.o
                0x0800dfec                hello
 .text.version  0x0800e004       0x10 build\components\finsh\cmd.o
                0x0800e004                version
 .text._list_thread
                0x0800e014      0x120 build\components\finsh\cmd.o
 .text.list_thread
                0x0800e134       0x14 build\components\finsh\cmd.o
                0x0800e134                list_thread
 .text.show_wait_queue
                0x0800e148       0x54 build\components\finsh\cmd.o
 .text._list_sem
                0x0800e19c       0xd0 build\components\finsh\cmd.o
 .text.list_sem
                0x0800e26c       0x14 build\components\finsh\cmd.o
                0x0800e26c                list_sem
 .text._list_event
                0x0800e280       0xb8 build\components\finsh\cmd.o
 .text.list_event
                0x0800e338       0x14 build\components\finsh\cmd.o
                0x0800e338                list_event
 .text._list_mutex
                0x0800e34c       0x84 build\components\finsh\cmd.o
 .text.list_mutex
                0x0800e3d0       0x14 build\components\finsh\cmd.o
                0x0800e3d0                list_mutex
 .text._list_mailbox
                0x0800e3e4       0xe0 build\components\finsh\cmd.o
 .text.list_mailbox
                0x0800e4c4       0x14 build\components\finsh\cmd.o
                0x0800e4c4                list_mailbox
 .text._list_msgqueue
                0x0800e4d8       0xd0 build\components\finsh\cmd.o
 .text.list_msgqueue
                0x0800e5a8       0x14 build\components\finsh\cmd.o
                0x0800e5a8                list_msgqueue
 .text._list_mempool
                0x0800e5bc       0xc0 build\components\finsh\cmd.o
 .text.list_mempool
                0x0800e67c       0x14 build\components\finsh\cmd.o
                0x0800e67c                list_mempool
 .text._list_timer
                0x0800e690       0xa4 build\components\finsh\cmd.o
 .text.list_timer
                0x0800e734       0x14 build\components\finsh\cmd.o
                0x0800e734                list_timer
 .text._list_device
                0x0800e748       0xa0 build\components\finsh\cmd.o
 .text.list_device
                0x0800e7e8       0x14 build\components\finsh\cmd.o
                0x0800e7e8                list_device
 .text.list     0x0800e7fc      0x100 build\components\finsh\cmd.o
                0x0800e7fc                list
 .text.str_is_prefix
                0x0800e8fc       0x50 build\components\finsh\cmd.o
 .text.str_common
                0x0800e94c       0x50 build\components\finsh\cmd.o
 .text.list_prefix
                0x0800e99c      0x2b4 build\components\finsh\cmd.o
                0x0800e99c                list_prefix
 .text.finsh_compile
                0x0800ec50     0x2b04 build\components\finsh\finsh_compiler.o
 .text.finsh_type_check
                0x08011754      0x24c build\components\finsh\finsh_compiler.o
 .text.finsh_compiler_run
                0x080119a0       0xc0 build\components\finsh\finsh_compiler.o
                0x080119a0                finsh_compiler_run
 .text.finsh_error_init
                0x08011a60       0x20 build\components\finsh\finsh_error.o
                0x08011a60                finsh_error_init
 .text.finsh_error_set
                0x08011a80       0x28 build\components\finsh\finsh_error.o
                0x08011a80                finsh_error_set
 .text.finsh_errno
                0x08011aa8       0x18 build\components\finsh\finsh_error.o
                0x08011aa8                finsh_errno
 .text.finsh_error_string
                0x08011ac0       0x24 build\components\finsh\finsh_error.o
                0x08011ac0                finsh_error_string
 .text.finsh_heap_init
                0x08011ae4       0x68 build\components\finsh\finsh_heap.o
                0x08011ae4                finsh_heap_init
 .text.finsh_heap_allocate
                0x08011b4c       0xcc build\components\finsh\finsh_heap.o
                0x08011b4c                finsh_heap_allocate
 .text.finsh_heap_free
                0x08011c18       0x44 build\components\finsh\finsh_heap.o
                0x08011c18                finsh_heap_free
 .text.finsh_heap_gc
                0x08011c5c       0xa8 build\components\finsh\finsh_heap.o
 .text.finsh_block_insert
                0x08011d04       0x84 build\components\finsh\finsh_heap.o
 .text.finsh_block_remove
                0x08011d88       0x5c build\components\finsh\finsh_heap.o
 .text.finsh_block_split
                0x08011de4       0x44 build\components\finsh\finsh_heap.o
 .text.finsh_block_merge
                0x08011e28       0xf0 build\components\finsh\finsh_heap.o
 .text.finsh_init
                0x08011f18       0x2c build\components\finsh\finsh_init.o
                0x08011f18                finsh_init
 .text.finsh_stack_bottom
                0x08011f44       0x18 build\components\finsh\finsh_init.o
                0x08011f44                finsh_stack_bottom
 .text.finsh_flush
                0x08011f5c       0x24 build\components\finsh\finsh_init.o
                0x08011f5c                finsh_flush
 .text.finsh_node_init
                0x08011f80       0x28 build\components\finsh\finsh_node.o
                0x08011f80                finsh_node_init
 .text.finsh_node_allocate
                0x08011fa8       0x90 build\components\finsh\finsh_node.o
                0x08011fa8                finsh_node_allocate
 .text.finsh_node_new_id
                0x08012038       0xc0 build\components\finsh\finsh_node.o
                0x08012038                finsh_node_new_id
 .text.finsh_node_new_char
                0x080120f8       0x3c build\components\finsh\finsh_node.o
                0x080120f8                finsh_node_new_char
 .text.finsh_node_new_int
                0x08012134       0x38 build\components\finsh\finsh_node.o
                0x08012134                finsh_node_new_int
 .text.finsh_node_new_long
                0x0801216c       0x38 build\components\finsh\finsh_node.o
                0x0801216c                finsh_node_new_long
 .text.finsh_node_new_string
                0x080121a4       0x74 build\components\finsh\finsh_node.o
                0x080121a4                finsh_node_new_string
 .text.finsh_node_new_ptr
                0x08012218       0x38 build\components\finsh\finsh_node.o
                0x08012218                finsh_node_new_ptr
 .text.OP_no_op
                0x08012250        0xc build\components\finsh\finsh_ops.o
                0x08012250                OP_no_op
 .text.OP_add_byte
                0x0801225c       0x58 build\components\finsh\finsh_ops.o
                0x0801225c                OP_add_byte
 .text.OP_add_word
                0x080122b4       0x5c build\components\finsh\finsh_ops.o
                0x080122b4                OP_add_word
 .text.OP_add_dword
                0x08012310       0x54 build\components\finsh\finsh_ops.o
                0x08012310                OP_add_dword
 .text.OP_sub_byte
                0x08012364       0x58 build\components\finsh\finsh_ops.o
                0x08012364                OP_sub_byte
 .text.OP_sub_word
                0x080123bc       0x5c build\components\finsh\finsh_ops.o
                0x080123bc                OP_sub_word
 .text.OP_sub_dword
                0x08012418       0x54 build\components\finsh\finsh_ops.o
                0x08012418                OP_sub_dword
 .text.OP_div_byte
                0x0801246c       0x58 build\components\finsh\finsh_ops.o
                0x0801246c                OP_div_byte
 .text.OP_div_word
                0x080124c4       0x5c build\components\finsh\finsh_ops.o
                0x080124c4                OP_div_word
 .text.OP_div_dword
                0x08012520       0x58 build\components\finsh\finsh_ops.o
                0x08012520                OP_div_dword
 .text.OP_mod_byte
                0x08012578       0x60 build\components\finsh\finsh_ops.o
                0x08012578                OP_mod_byte
 .text.OP_mod_word
                0x080125d8       0x64 build\components\finsh\finsh_ops.o
                0x080125d8                OP_mod_word
 .text.OP_mod_dword
                0x0801263c       0x5c build\components\finsh\finsh_ops.o
                0x0801263c                OP_mod_dword
 .text.OP_mul_byte
                0x08012698       0x58 build\components\finsh\finsh_ops.o
                0x08012698                OP_mul_byte
 .text.OP_mul_word
                0x080126f0       0x60 build\components\finsh\finsh_ops.o
                0x080126f0                OP_mul_word
 .text.OP_mul_dword
                0x08012750       0x58 build\components\finsh\finsh_ops.o
                0x08012750                OP_mul_dword
 .text.OP_and_byte
                0x080127a8       0x58 build\components\finsh\finsh_ops.o
                0x080127a8                OP_and_byte
 .text.OP_and_word
                0x08012800       0x58 build\components\finsh\finsh_ops.o
                0x08012800                OP_and_word
 .text.OP_and_dword
                0x08012858       0x54 build\components\finsh\finsh_ops.o
                0x08012858                OP_and_dword
 .text.OP_or_byte
                0x080128ac       0x58 build\components\finsh\finsh_ops.o
                0x080128ac                OP_or_byte
 .text.OP_or_word
                0x08012904       0x58 build\components\finsh\finsh_ops.o
                0x08012904                OP_or_word
 .text.OP_or_dword
                0x0801295c       0x54 build\components\finsh\finsh_ops.o
                0x0801295c                OP_or_dword
 .text.OP_xor_byte
                0x080129b0       0x58 build\components\finsh\finsh_ops.o
                0x080129b0                OP_xor_byte
 .text.OP_xor_word
                0x08012a08       0x58 build\components\finsh\finsh_ops.o
                0x08012a08                OP_xor_word
 .text.OP_xor_dword
                0x08012a60       0x54 build\components\finsh\finsh_ops.o
                0x08012a60                OP_xor_dword
 .text.OP_bw_byte
                0x08012ab4       0x30 build\components\finsh\finsh_ops.o
                0x08012ab4                OP_bw_byte
 .text.OP_bw_word
                0x08012ae4       0x30 build\components\finsh\finsh_ops.o
                0x08012ae4                OP_bw_word
 .text.OP_bw_dword
                0x08012b14       0x30 build\components\finsh\finsh_ops.o
                0x08012b14                OP_bw_dword
 .text.OP_shl_byte
                0x08012b44       0x5c build\components\finsh\finsh_ops.o
                0x08012b44                OP_shl_byte
 .text.OP_shl_word
                0x08012ba0       0x5c build\components\finsh\finsh_ops.o
                0x08012ba0                OP_shl_word
 .text.OP_shl_dword
                0x08012bfc       0x58 build\components\finsh\finsh_ops.o
                0x08012bfc                OP_shl_dword
 .text.OP_shr_byte
                0x08012c54       0x5c build\components\finsh\finsh_ops.o
                0x08012c54                OP_shr_byte
 .text.OP_shr_word
                0x08012cb0       0x5c build\components\finsh\finsh_ops.o
                0x08012cb0                OP_shr_word
 .text.OP_shr_dword
                0x08012d0c       0x58 build\components\finsh\finsh_ops.o
                0x08012d0c                OP_shr_dword
 .text.OP_ld_byte
                0x08012d64       0x54 build\components\finsh\finsh_ops.o
                0x08012d64                OP_ld_byte
 .text.OP_ld_word
                0x08012db8       0x70 build\components\finsh\finsh_ops.o
                0x08012db8                OP_ld_word
 .text.OP_ld_dword
                0x08012e28       0x98 build\components\finsh\finsh_ops.o
                0x08012e28                OP_ld_dword
 .text.OP_ld_value_byte
                0x08012ec0       0xa4 build\components\finsh\finsh_ops.o
                0x08012ec0                OP_ld_value_byte
 .text.OP_ld_value_byte_stack
                0x08012f64       0x38 build\components\finsh\finsh_ops.o
                0x08012f64                OP_ld_value_byte_stack
 .text.OP_ld_value_word
                0x08012f9c       0xa4 build\components\finsh\finsh_ops.o
                0x08012f9c                OP_ld_value_word
 .text.OP_ld_value_word_stack
                0x08013040       0x38 build\components\finsh\finsh_ops.o
                0x08013040                OP_ld_value_word_stack
 .text.OP_ld_value_dword
                0x08013078       0xa4 build\components\finsh\finsh_ops.o
                0x08013078                OP_ld_value_dword
 .text.OP_ld_value_dword_stack
                0x0801311c       0x38 build\components\finsh\finsh_ops.o
                0x0801311c                OP_ld_value_dword_stack
 .text.OP_st_byte
                0x08013154       0x48 build\components\finsh\finsh_ops.o
                0x08013154                OP_st_byte
 .text.OP_st_word
                0x0801319c       0x48 build\components\finsh\finsh_ops.o
                0x0801319c                OP_st_word
 .text.OP_st_dword
                0x080131e4       0x48 build\components\finsh\finsh_ops.o
                0x080131e4                OP_st_dword
 .text.OP_pop   0x0801322c       0x24 build\components\finsh\finsh_ops.o
                0x0801322c                OP_pop
 .text.OP_call  0x08013250      0x42c build\components\finsh\finsh_ops.o
                0x08013250                OP_call
 .text.proc_variable_decl
                0x0801367c      0x2f4 build\components\finsh\finsh_parser.o
 .text.proc_type
                0x08013970      0x1d8 build\components\finsh\finsh_parser.o
 .text.proc_identifier
                0x08013b48       0x50 build\components\finsh\finsh_parser.o
 .text.proc_expr_statement
                0x08013b98       0x68 build\components\finsh\finsh_parser.o
 .text.proc_expr
                0x08013c00       0x1c build\components\finsh\finsh_parser.o
 .text.proc_assign_expr
                0x08013c1c       0x54 build\components\finsh\finsh_parser.o
 .text.proc_inclusive_or_expr
                0x08013c70       0x74 build\components\finsh\finsh_parser.o
 .text.proc_exclusive_or_expr
                0x08013ce4       0x74 build\components\finsh\finsh_parser.o
 .text.proc_and_expr
                0x08013d58       0x74 build\components\finsh\finsh_parser.o
 .text.proc_shift_expr
                0x08013dcc       0xa0 build\components\finsh\finsh_parser.o
 .text.proc_additive_expr
                0x08013e6c       0xa0 build\components\finsh\finsh_parser.o
 .text.proc_multiplicative_expr
                0x08013f0c       0xb8 build\components\finsh\finsh_parser.o
 .text.proc_cast_expr
                0x08013fc4       0x80 build\components\finsh\finsh_parser.o
 .text.proc_unary_expr
                0x08014044      0x124 build\components\finsh\finsh_parser.o
 .text.proc_postfix_expr
                0x08014168       0xf0 build\components\finsh\finsh_parser.o
 .text.proc_primary_expr
                0x08014258      0x164 build\components\finsh\finsh_parser.o
 .text.proc_param_list
                0x080143bc       0x80 build\components\finsh\finsh_parser.o
 .text.make_sys_node
                0x0801443c       0x48 build\components\finsh\finsh_parser.o
 .text.finsh_parser_run
                0x08014484      0x164 build\components\finsh\finsh_parser.o
                0x08014484                finsh_parser_run
 .text.finsh_parser_init
                0x080145e8       0x2c build\components\finsh\finsh_parser.o
                0x080145e8                finsh_parser_init
 .text.finsh_token_init
                0x08014614       0x30 build\components\finsh\finsh_token.o
                0x08014614                finsh_token_init
 .text.finsh_token_token
                0x08014644       0x30 build\components\finsh\finsh_token.o
                0x08014644                finsh_token_token
 .text.token_get_string
                0x08014674       0xb4 build\components\finsh\finsh_token.o
                0x08014674                token_get_string
 .text.token_next_char
                0x08014728       0x78 build\components\finsh\finsh_token.o
 .text.token_prev_char
                0x080147a0       0x38 build\components\finsh\finsh_token.o
 .text.token_run
                0x080147d8      0x388 build\components\finsh\finsh_token.o
 .text.token_match_name
                0x08014b60       0x68 build\components\finsh\finsh_token.o
 .text.token_trim_space
                0x08014bc8       0x2c build\components\finsh\finsh_token.o
 .text.token_proc_char
                0x08014bf4       0xf0 build\components\finsh\finsh_token.o
 .text.token_proc_string
                0x08014ce4       0x84 build\components\finsh\finsh_token.o
 .text.token_proc_escape
                0x08014d68      0x148 build\components\finsh\finsh_token.o
 .text.token_proc_number
                0x08014eb0      0x200 build\components\finsh\finsh_token.o
 .text.token_spec_number
                0x080150b0      0x128 build\components\finsh\finsh_token.o
 .text.finsh_var_init
                0x080151d8       0x28 build\components\finsh\finsh_var.o
                0x080151d8                finsh_var_init
 .text.finsh_var_insert
                0x08015200       0xe8 build\components\finsh\finsh_var.o
                0x08015200                finsh_var_insert
 .text.finsh_var_lookup
                0x080152e8       0x7c build\components\finsh\finsh_var.o
                0x080152e8                finsh_var_lookup
 .text.finsh_sysvar_lookup
                0x08015364       0x90 build\components\finsh\finsh_var.o
                0x08015364                finsh_sysvar_lookup
 .text.finsh_vm_run
                0x080153f4       0x94 build\components\finsh\finsh_vm.o
                0x080153f4                finsh_vm_run
 .text.finsh_syscall_lookup
                0x08015488       0x90 build\components\finsh\finsh_vm.o
                0x08015488                finsh_syscall_lookup
 .text.finsh_rx_ind
                0x08015518       0x64 build\components\finsh\shell.o
 .text.finsh_set_device
                0x0801557c       0xc4 build\components\finsh\shell.o
                0x0801557c                finsh_set_device
 .text.finsh_auto_complete
                0x08015640       0x38 build\components\finsh\shell.o
                0x08015640                finsh_auto_complete
 .text.finsh_run_line
                0x08015678       0xcc build\components\finsh\shell.o
                0x08015678                finsh_run_line
 .text.finsh_handle_history
                0x08015744      0x1e8 build\components\finsh\shell.o
                0x08015744                finsh_handle_history
 .text.finsh_push_history
                0x0801592c      0x164 build\components\finsh\shell.o
                0x0801592c                finsh_push_history
 .text.finsh_thread_entry
                0x08015a90      0x340 build\components\finsh\shell.o
                0x08015a90                finsh_thread_entry
 .text.finsh_system_function_init
                0x08015dd0       0x2c build\components\finsh\shell.o
                0x08015dd0                finsh_system_function_init
 .text.finsh_system_var_init
                0x08015dfc       0x2c build\components\finsh\shell.o
                0x08015dfc                finsh_system_var_init
 .text.finsh_system_init
                0x08015e28       0xf4 build\components\finsh\shell.o
                0x08015e28                finsh_system_init
 .text.isalpha  0x08015f1c       0x28 build\components\libc\minilibc\ctype.o
                0x08015f1c                isalpha
 .text.atoi     0x08015f44       0xa0 build\components\libc\minilibc\stdlib.o
                0x08015f44                atoi
 .text.strncpy  0x08015fe4       0x24 build\components\libc\minilibc\string.o
                0x08015fe4                strncpy
 .text.strcmp   0x08016008       0x48 build\components\libc\minilibc\string.o
                0x08016008                strcmp
 .text.strncmp  0x08016050       0x70 build\components\libc\minilibc\string.o
                0x08016050                strncmp
 *(.rodata)
 .rodata        0x080160c0       0x24 build\applications\application.o
 .rodata        0x080160e4       0x58 build\applications\startup.o
 .rodata        0x0801613c        0x8 build\drivers\board.o
 .rodata        0x08016144       0xf4 build\drivers\serial.o
 .rodata        0x08016238        0x8 build\drivers\usart.o
 .rodata        0x08016240      0x17c build\drivers\usbh_usr.o
 .rodata        0x080163bc       0x3c build\STM32F4xx_Libraries\STM32F4xx_StdPeriph_Driver\src\misc.o
 .rodata        0x080163f8       0x44 build\STM32F4xx_Libraries\STM32F4xx_StdPeriph_Driver\src\stm32f4xx_dma.o
 .rodata        0x0801643c       0x44 build\STM32F4xx_Libraries\STM32F4xx_StdPeriph_Driver\src\stm32f4xx_exti.o
 .rodata        0x08016480       0x44 build\STM32F4xx_Libraries\STM32F4xx_StdPeriph_Driver\src\stm32f4xx_gpio.o
 .rodata        0x080164c4       0x44 build\STM32F4xx_Libraries\STM32F4xx_StdPeriph_Driver\src\stm32f4xx_rcc.o
 .rodata        0x08016508       0x44 build\STM32F4xx_Libraries\STM32F4xx_StdPeriph_Driver\src\stm32f4xx_tim.o
 .rodata        0x0801654c       0x48 build\STM32F4xx_Libraries\STM32F4xx_StdPeriph_Driver\src\stm32f4xx_usart.o
 .rodata        0x08016594        0x4 build\STM32F4xx_Libraries\STM32_USB_HOST_Library\Core\src\usbh_core.o
 .rodata        0x08016598       0x68 build\src\device.o
 .rodata        0x08016600       0x50 build\src\idle.o
 .rodata        0x08016650       0xc0 build\src\ipc.o
 .rodata        0x08016710       0x90 build\src\kservice.o
 .rodata        0x080167a0      0x2d0 build\src\mem.o
 .rodata        0x08016a70       0x58 build\src\mempool.o
 .rodata        0x08016ac8       0x88 build\src\object.o
 .rodata        0x08016b50       0x88 build\src\scheduler.o
 .rodata        0x08016bd8       0xb4 build\src\thread.o
 .rodata        0x08016c8c       0x58 build\src\timer.o
 .rodata        0x08016ce4       0xd0 build\libcpu\arm\cortex-m4\cpuport.o
 .rodata        0x08016db4       0x80 build\components\dfs\src\dfs.o
 .rodata        0x08016e34       0xc4 build\components\dfs\src\dfs_fs.o
 .rodata        0x08016ef8       0xb4 build\components\dfs\src\dfs_file.o
 .rodata        0x08016fac      0x630 build\components\finsh\cmd.o
 .rodata        0x080175dc       0xf4 build\components\finsh\finsh_error.o
 .rodata        0x080176d0       0x40 build\components\finsh\finsh_token.o
 .rodata        0x08017710       0xcc build\components\finsh\shell.o
 *(.rodata*)
 .rodata.__FUNCTION__.8052
                0x080177dc       0x14 build\drivers\serial.o
 .rodata.__FUNCTION__.8039
                0x080177f0       0x18 build\drivers\serial.o
 .rodata.__FUNCTION__.8025
                0x08017808       0x14 build\drivers\serial.o
 .rodata.__FUNCTION__.7997
                0x0801781c       0x10 build\drivers\serial.o
 .rodata.__FUNCTION__.7983
                0x0801782c       0x18 build\drivers\serial.o
 .rodata.__FUNCTION__.7947
                0x08017844       0x10 build\drivers\serial.o
 .rodata.MSG_DEV_ATTACHED
                0x08017854       0x14 build\drivers\usbh_usr.o
                0x08017854                MSG_DEV_ATTACHED
 .rodata.MSG_DEV_DISCONNECTED
                0x08017868       0x18 build\drivers\usbh_usr.o
                0x08017868                MSG_DEV_DISCONNECTED
 .rodata.MSG_DEV_ENUMERATED
                0x08017880       0x1c build\drivers\usbh_usr.o
                0x08017880                MSG_DEV_ENUMERATED
 .rodata.MSG_DEV_HIGHSPEED
                0x0801789c       0x20 build\drivers\usbh_usr.o
                0x0801789c                MSG_DEV_HIGHSPEED
 .rodata.MSG_DEV_FULLSPEED
                0x080178bc       0x20 build\drivers\usbh_usr.o
                0x080178bc                MSG_DEV_FULLSPEED
 .rodata.MSG_DEV_LOWSPEED
                0x080178dc       0x20 build\drivers\usbh_usr.o
                0x080178dc                MSG_DEV_LOWSPEED
 .rodata.MSG_DEV_ERROR
                0x080178fc       0x14 build\drivers\usbh_usr.o
                0x080178fc                MSG_DEV_ERROR
 .rodata.MSG_MSC_CLASS
                0x08017910       0x24 build\drivers\usbh_usr.o
                0x08017910                MSG_MSC_CLASS
 .rodata.MSG_HID_CLASS
                0x08017934       0x18 build\drivers\usbh_usr.o
                0x08017934                MSG_HID_CLASS
 .rodata.MSG_UNREC_ERROR
                0x0801794c       0x1c build\drivers\usbh_usr.o
                0x0801794c                MSG_UNREC_ERROR
 .rodata.__func__.9606
                0x08017968       0x20 build\drivers\usbh_usr.o
 .rodata.__func__.9595
                0x08017988       0x18 build\drivers\usbh_usr.o
 .rodata.__FUNCTION__.4765
                0x080179a0       0x1c build\src\device.o
 .rodata.__FUNCTION__.4740
                0x080179bc       0x10 build\src\device.o
 .rodata.__FUNCTION__.4724
                0x080179cc       0x10 build\src\device.o
 .rodata.__FUNCTION__.4708
                0x080179dc       0x10 build\src\device.o
 .rodata.__FUNCTION__.4697
                0x080179ec       0x10 build\src\device.o
 .rodata.__FUNCTION__.4705
                0x080179fc       0x18 build\src\idle.o
 .rodata.__FUNCTION__.4855
                0x08017a14       0x10 build\src\ipc.o
 .rodata.__FUNCTION__.4777
                0x08017a24        0xc build\src\ipc.o
 .rodata.__FUNCTION__.4733
                0x08017a30        0xc build\src\ipc.o
 .rodata.large_digits.4857
                0x08017a3c       0x14 build\src\kservice.o
 .rodata.small_digits.4856
                0x08017a50       0x14 build\src\kservice.o
 .rodata.__fsym_list_mem_name
                0x08017a64        0xc build\src\mem.o
                0x08017a64                __fsym_list_mem_name
 .rodata.__fsym_list_mem_desc
                0x08017a70       0x20 build\src\mem.o
                0x08017a70                __fsym_list_mem_desc
 .rodata.__FUNCTION__.4816
                0x08017a90        0x8 build\src\mem.o
 .rodata.__FUNCTION__.4757
                0x08017a98        0xc build\src\mem.o
 .rodata.__FUNCTION__.4744
                0x08017aa4       0x14 build\src\mem.o
 .rodata.__FUNCTION__.4724
                0x08017ab8        0xc build\src\mem.o
 .rodata.__FUNCTION__.4781
                0x08017ac4        0xc build\src\mempool.o
 .rodata.__FUNCTION__.4718
                0x08017ad0        0xc build\src\mempool.o
 .rodata.__FUNCTION__.4775
                0x08017adc       0x1c build\src\object.o
 .rodata.__FUNCTION__.4763
                0x08017af8       0x14 build\src\object.o
 .rodata.__FUNCTION__.4753
                0x08017b0c       0x14 build\src\object.o
 .rodata.__FUNCTION__.4741
                0x08017b20       0x14 build\src\object.o
 .rodata.rt_lowest_bitmap
                0x08017b34      0x100 build\src\scheduler.o
                0x08017b34                rt_lowest_bitmap
 .rodata.__FUNCTION__.4758
                0x08017c34       0x1c build\src\scheduler.o
 .rodata.__FUNCTION__.4749
                0x08017c50       0x1c build\src\scheduler.o
 .rodata.__FUNCTION__.4712
                0x08017c6c       0x1c build\src\scheduler.o
 .rodata.__FUNCTION__.4837
                0x08017c88       0x14 build\src\thread.o
 .rodata.__FUNCTION__.4828
                0x08017c9c       0x14 build\src\thread.o
 .rodata.__FUNCTION__.4819
                0x08017cb0       0x14 build\src\thread.o
 .rodata.__FUNCTION__.4805
                0x08017cc4       0x14 build\src\thread.o
 .rodata.__FUNCTION__.4791
                0x08017cd8       0x10 build\src\thread.o
 .rodata.__FUNCTION__.4776
                0x08017ce8       0x14 build\src\thread.o
 .rodata.__FUNCTION__.4743
                0x08017cfc       0x14 build\src\thread.o
 .rodata.__FUNCTION__.4728
                0x08017d10       0x10 build\src\thread.o
 .rodata.__FUNCTION__.4712
                0x08017d20       0x10 build\src\thread.o
 .rodata.__FUNCTION__.4790
                0x08017d30       0x14 build\src\timer.o
 .rodata.__FUNCTION__.4764
                0x08017d44       0x10 build\src\timer.o
 .rodata.__FUNCTION__.4734
                0x08017d54       0x10 build\src\timer.o
 .rodata.__FUNCTION__.4725
                0x08017d64       0x10 build\src\timer.o
 .rodata.__FUNCTION__.4954
                0x08017d74       0x14 build\components\dfs\src\dfs.o
 .rodata.__FUNCTION__.4924
                0x08017d88        0x8 build\components\dfs\src\dfs.o
 .rodata.__FUNCTION__.4900
                0x08017d90        0xc build\components\dfs\src\dfs.o
 .rodata.__fsym_mkfs_name
                0x08017d9c        0x8 build\components\dfs\src\dfs_fs.o
                0x08017d9c                __fsym_mkfs_name
 .rodata.__fsym_mkfs_desc
                0x08017da4       0x14 build\components\dfs\src\dfs_fs.o
                0x08017da4                __fsym_mkfs_desc
 .rodata.__fsym_df_name
                0x08017db8        0x4 build\components\dfs\src\dfs_fs.o
                0x08017db8                __fsym_df_name
 .rodata.__fsym_df_desc
                0x08017dbc       0x10 build\components\dfs\src\dfs_fs.o
                0x08017dbc                __fsym_df_desc
 .rodata.__fsym_ls_name
                0x08017dcc        0x4 build\components\dfs\src\dfs_file.o
                0x08017dcc                __fsym_ls_name
 .rodata.__fsym_ls_desc
                0x08017dd0       0x18 build\components\dfs\src\dfs_file.o
                0x08017dd0                __fsym_ls_desc
 .rodata.__fsym_rm_name
                0x08017de8        0x4 build\components\dfs\src\dfs_file.o
                0x08017de8                __fsym_rm_name
 .rodata.__fsym_rm_desc
                0x08017dec       0x1c build\components\dfs\src\dfs_file.o
                0x08017dec                __fsym_rm_desc
 .rodata.__fsym_cat_name
                0x08017e08        0x4 build\components\dfs\src\dfs_file.o
                0x08017e08                __fsym_cat_name
 .rodata.__fsym_cat_desc
                0x08017e0c        0xc build\components\dfs\src\dfs_file.o
                0x08017e0c                __fsym_cat_desc
 .rodata.__fsym_copy_name
                0x08017e18        0x8 build\components\dfs\src\dfs_file.o
                0x08017e18                __fsym_copy_name
 .rodata.__fsym_copy_desc
                0x08017e20       0x28 build\components\dfs\src\dfs_file.o
                0x08017e20                __fsym_copy_desc
 .rodata.__fsym_mkdir_name
                0x08017e48        0x8 build\components\dfs\src\dfs_posix.o
                0x08017e48                __fsym_mkdir_name
 .rodata.__fsym_mkdir_desc
                0x08017e50       0x14 build\components\dfs\src\dfs_posix.o
                0x08017e50                __fsym_mkdir_desc
 .rodata.__fsym_hello_name
                0x08017e64        0x8 build\components\finsh\cmd.o
                0x08017e64                __fsym_hello_name
 .rodata.__fsym_hello_desc
                0x08017e6c       0x10 build\components\finsh\cmd.o
                0x08017e6c                __fsym_hello_desc
 .rodata.__fsym_version_name
                0x08017e7c        0x8 build\components\finsh\cmd.o
                0x08017e7c                __fsym_version_name
 .rodata.__fsym_version_desc
                0x08017e84       0x24 build\components\finsh\cmd.o
                0x08017e84                __fsym_version_desc
 .rodata.__fsym_list_thread_name
                0x08017ea8        0xc build\components\finsh\cmd.o
                0x08017ea8                __fsym_list_thread_name
 .rodata.__fsym_list_thread_desc
                0x08017eb4        0xc build\components\finsh\cmd.o
                0x08017eb4                __fsym_list_thread_desc
 .rodata.__fsym_list_sem_name
                0x08017ec0        0xc build\components\finsh\cmd.o
                0x08017ec0                __fsym_list_sem_name
 .rodata.__fsym_list_sem_desc
                0x08017ecc       0x1c build\components\finsh\cmd.o
                0x08017ecc                __fsym_list_sem_desc
 .rodata.__fsym_list_event_name
                0x08017ee8        0xc build\components\finsh\cmd.o
                0x08017ee8                __fsym_list_event_name
 .rodata.__fsym_list_event_desc
                0x08017ef4       0x18 build\components\finsh\cmd.o
                0x08017ef4                __fsym_list_event_desc
 .rodata.__fsym_list_mutex_name
                0x08017f0c        0xc build\components\finsh\cmd.o
                0x08017f0c                __fsym_list_mutex_name
 .rodata.__fsym_list_mutex_desc
                0x08017f18       0x18 build\components\finsh\cmd.o
                0x08017f18                __fsym_list_mutex_desc
 .rodata.__fsym_list_mailbox_name
                0x08017f30       0x10 build\components\finsh\cmd.o
                0x08017f30                __fsym_list_mailbox_name
 .rodata.__fsym_list_mailbox_desc
                0x08017f40       0x18 build\components\finsh\cmd.o
                0x08017f40                __fsym_list_mailbox_desc
 .rodata.__fsym_list_msgqueue_name
                0x08017f58       0x10 build\components\finsh\cmd.o
                0x08017f58                __fsym_list_msgqueue_name
 .rodata.__fsym_list_msgqueue_desc
                0x08017f68       0x20 build\components\finsh\cmd.o
                0x08017f68                __fsym_list_msgqueue_desc
 .rodata.__fsym_list_mempool_name
                0x08017f88       0x10 build\components\finsh\cmd.o
                0x08017f88                __fsym_list_mempool_name
 .rodata.__fsym_list_mempool_desc
                0x08017f98       0x1c build\components\finsh\cmd.o
                0x08017f98                __fsym_list_mempool_desc
 .rodata.__fsym_list_timer_name
                0x08017fb4        0xc build\components\finsh\cmd.o
                0x08017fb4                __fsym_list_timer_name
 .rodata.__fsym_list_timer_desc
                0x08017fc0       0x18 build\components\finsh\cmd.o
                0x08017fc0                __fsym_list_timer_desc
 .rodata.__fsym_list_device_name
                0x08017fd8        0xc build\components\finsh\cmd.o